WARNING: Using incubator modules: jdk.incubator.vector
Using Spark's default log4j profile: org/apache/spark/log4j2-defaults.properties
26/08/15 22:36:06 WARN Utils: Your hostname, DESKTOP-8FOB866, resolves to a loopback address: 127.0.1.1; using 10.255.255.254 instead (on interface lo)
26/08/15 22:36:06 WARN Utils: Set SPARK_LOCAL_IP if you need to bind to another address
Using Spark's default log4j profile: org/apache/spark/log4j2-defaults.properties
Setting default log level to "WARN".
To adjust logging level use sc.setLogLevel(newLevel). For SparkR, use setLogLevel(newLevel).
26/08/15 22:36:06 WARN NativeCodeLoader: Unable to load native-hadoop library for your platform... using builtin-java classes where applicable
26/08/15 22:36:12 WARN CSVHeaderChecker: CSV header does not conform to the schema.
 Header: Ano, Trimestre, Categoria, Tipo, CNPJ IF, Instituição financeira, Índice, Quantidade de reclamações reguladas procedentes, Quantidade de reclamações reguladas - outras, Quantidade de reclamações não reguladas, Quantidade total de reclamações, Quantidade total de clientes – CCS e SCR, Quantidade de clientes – CCS, Quantidade de clientes – SCR, 
 Schema: Ano, Trimestre, Categoria, Tipo, CNPJ IF, Instituição financeira, Índice, Quantidade de reclamações reguladas procedentes, Quantidade de reclamações reguladas - outras, Quantidade de reclamações não reguladas, Quantidade total de reclamações, Quantidade total de clientes – CCS e SCR, Quantidade de clientes – CCS, Quantidade de clientes – SCR, _c14
Expected: _c14 but found: 
CSV file: file:///mnt/d/GitHub/C3-Trabalho-Ingestao-Pipeline/Atividade_3–Ingestao_ETL_Python_Spark/data/input/2021_tri_01.csv
26/08/15 22:36:13 WARN CSVHeaderChecker: CSV header does not conform to the schema.
 Header: Ano, Trimestre, Categoria, Tipo, CNPJ IF, Instituição financeira, Índice, Quantidade de reclamações reguladas procedentes, Quantidade de reclamações reguladas - outras, Quantidade de reclamações não reguladas, Quantidade total de reclamações, Quantidade total de clientes – CCS e SCR, Quantidade de clientes – CCS, Quantidade de clientes – SCR, 
 Schema: Ano, Trimestre, Categoria, Tipo, CNPJ IF, Instituição financeira, Índice, Quantidade de reclamações reguladas procedentes, Quantidade de reclamações reguladas - outras, Quantidade de reclamações não reguladas, Quantidade total de reclamações, Quantidade total de clientes – CCS e SCR, Quantidade de clientes – CCS, Quantidade de clientes – SCR, _c14
Expected: _c14 but found: 
CSV file: file:///mnt/d/GitHub/C3-Trabalho-Ingestao-Pipeline/Atividade_3–Ingestao_ETL_Python_Spark/data/input/2021_tri_01.csv
[Stage 5:>                                                          (0 + 1) / 1]                                                                                26/08/15 22:36:14 WARN CSVHeaderChecker: CSV header does not conform to the schema.
 Header: Ano, Trimestre, Categoria, Tipo, CNPJ IF, Instituição financeira, Índice, Quantidade de reclamações reguladas procedentes, Quantidade de reclamações reguladas - outras, Quantidade de reclamações não reguladas, Quantidade total de reclamações, Quantidade total de clientes – CCS e SCR, Quantidade de clientes – CCS, Quantidade de clientes – SCR, 
 Schema: Ano, Trimestre, Categoria, Tipo, CNPJ IF, Instituição financeira, Índice, Quantidade de reclamações reguladas procedentes, Quantidade de reclamações reguladas - outras, Quantidade de reclamações não reguladas, Quantidade total de reclamações, Quantidade total de clientes – CCS e SCR, Quantidade de clientes – CCS, Quantidade de clientes – SCR, _c14
Expected: _c14 but found: 
CSV file: file:///mnt/d/GitHub/C3-Trabalho-Ingestao-Pipeline/Atividade_3–Ingestao_ETL_Python_Spark/data/input/2021_tri_02.csv
26/08/15 22:36:14 WARN CSVHeaderChecker: CSV header does not conform to the schema.
 Header: Ano, Trimestre, Categoria, Tipo, CNPJ IF, Instituição financeira, Índice, Quantidade de reclamações reguladas procedentes, Quantidade de reclamações reguladas - outras, Quantidade de reclamações não reguladas, Quantidade total de reclamações, Quantidade total de clientes – CCS e SCR, Quantidade de clientes – CCS, Quantidade de clientes – SCR, 
 Schema: Ano, Trimestre, Categoria, Tipo, CNPJ IF, Instituição financeira, Índice, Quantidade de reclamações reguladas procedentes, Quantidade de reclamações reguladas - outras, Quantidade de reclamações não reguladas, Quantidade total de reclamações, Quantidade total de clientes – CCS e SCR, Quantidade de clientes – CCS, Quantidade de clientes – SCR, _c14
Expected: _c14 but found: 
CSV file: file:///mnt/d/GitHub/C3-Trabalho-Ingestao-Pipeline/Atividade_3–Ingestao_ETL_Python_Spark/data/input/2021_tri_02.csv
26/08/15 22:36:15 WARN CSVHeaderChecker: CSV header does not conform to the schema.
 Header: Ano, Trimestre, Categoria, Tipo, CNPJ IF, Instituição financeira, Índice, Quantidade de reclamações reguladas procedentes, Quantidade de reclamações reguladas - outras, Quantidade de reclamações não reguladas, Quantidade total de reclamações, Quantidade total de clientes – CCS e SCR, Quantidade de clientes – CCS, Quantidade de clientes – SCR, 
 Schema: Ano, Trimestre, Categoria, Tipo, CNPJ IF, Instituição financeira, Índice, Quantidade de reclamações reguladas procedentes, Quantidade de reclamações reguladas - outras, Quantidade de reclamações não reguladas, Quantidade total de reclamações, Quantidade total de clientes – CCS e SCR, Quantidade de clientes – CCS, Quantidade de clientes – SCR, _c14
Expected: _c14 but found: 
CSV file: file:///mnt/d/GitHub/C3-Trabalho-Ingestao-Pipeline/Atividade_3–Ingestao_ETL_Python_Spark/data/input/2021_tri_03.csv
26/08/15 22:36:15 WARN CSVHeaderChecker: CSV header does not conform to the schema.
 Header: Ano, Trimestre, Categoria, Tipo, CNPJ IF, Instituição financeira, Índice, Quantidade de reclamações reguladas procedentes, Quantidade de reclamações reguladas - outras, Quantidade de reclamações não reguladas, Quantidade total de reclamações, Quantidade total de clientes – CCS e SCR, Quantidade de clientes – CCS, Quantidade de clientes – SCR, 
 Schema: Ano, Trimestre, Categoria, Tipo, CNPJ IF, Instituição financeira, Índice, Quantidade de reclamações reguladas procedentes, Quantidade de reclamações reguladas - outras, Quantidade de reclamações não reguladas, Quantidade total de reclamações, Quantidade total de clientes – CCS e SCR, Quantidade de clientes – CCS, Quantidade de clientes – SCR, _c14
Expected: _c14 but found: 
CSV file: file:///mnt/d/GitHub/C3-Trabalho-Ingestao-Pipeline/Atividade_3–Ingestao_ETL_Python_Spark/data/input/2021_tri_03.csv
26/08/15 22:36:16 WARN CSVHeaderChecker: CSV header does not conform to the schema.
 Header: Ano, Trimestre, Categoria, Tipo, CNPJ IF, Instituição financeira, Índice, Quantidade de reclamações reguladas procedentes, Quantidade de reclamações reguladas - outras, Quantidade de reclamações não reguladas, Quantidade total de reclamações, Quantidade total de clientes – CCS e SCR, Quantidade de clientes – CCS, Quantidade de clientes – SCR, 
 Schema: Ano, Trimestre, Categoria, Tipo, CNPJ IF, Instituição financeira, Índice, Quantidade de reclamações reguladas procedentes, Quantidade de reclamações reguladas - outras, Quantidade de reclamações não reguladas, Quantidade total de reclamações, Quantidade total de clientes – CCS e SCR, Quantidade de clientes – CCS, Quantidade de clientes – SCR, _c14
Expected: _c14 but found: 
CSV file: file:///mnt/d/GitHub/C3-Trabalho-Ingestao-Pipeline/Atividade_3–Ingestao_ETL_Python_Spark/data/input/2021_tri_04.csv
26/08/15 22:36:16 WARN CSVHeaderChecker: CSV header does not conform to the schema.
 Header: Ano, Trimestre, Categoria, Tipo, CNPJ IF, Instituição financeira, Índice, Quantidade de reclamações reguladas procedentes, Quantidade de reclamações reguladas - outras, Quantidade de reclamações não reguladas, Quantidade total de reclamações, Quantidade total de clientes – CCS e SCR, Quantidade de clientes – CCS, Quantidade de clientes – SCR, 
 Schema: Ano, Trimestre, Categoria, Tipo, CNPJ IF, Instituição financeira, Índice, Quantidade de reclamações reguladas procedentes, Quantidade de reclamações reguladas - outras, Quantidade de reclamações não reguladas, Quantidade total de reclamações, Quantidade total de clientes – CCS e SCR, Quantidade de clientes – CCS, Quantidade de clientes – SCR, _c14
Expected: _c14 but found: 
CSV file: file:///mnt/d/GitHub/C3-Trabalho-Ingestao-Pipeline/Atividade_3–Ingestao_ETL_Python_Spark/data/input/2021_tri_04.csv
26/08/15 22:36:17 WARN CSVHeaderChecker: CSV header does not conform to the schema.
 Header: Ano, Trimestre, Categoria, Tipo, CNPJ IF, Instituição financeira, Índice, Quantidade de reclamações reguladas procedentes, Quantidade de reclamações reguladas - outras, Quantidade de reclamações não reguladas, Quantidade total de reclamações, Quantidade total de clientes – CCS e SCR, Quantidade de clientes – CCS, Quantidade de clientes – SCR, 
 Schema: Ano, Trimestre, Categoria, Tipo, CNPJ IF, Instituição financeira, Índice, Quantidade de reclamações reguladas procedentes, Quantidade de reclamações reguladas - outras, Quantidade de reclamações não reguladas, Quantidade total de reclamações, Quantidade total de clientes – CCS e SCR, Quantidade de clientes – CCS, Quantidade de clientes – SCR, _c14
Expected: _c14 but found: 
CSV file: file:///mnt/d/GitHub/C3-Trabalho-Ingestao-Pipeline/Atividade_3–Ingestao_ETL_Python_Spark/data/input/2022_tri_01.csv
26/08/15 22:36:17 WARN CSVHeaderChecker: CSV header does not conform to the schema.
 Header: Ano, Trimestre, Categoria, Tipo, CNPJ IF, Instituição financeira, Índice, Quantidade de reclamações reguladas procedentes, Quantidade de reclamações reguladas - outras, Quantidade de reclamações não reguladas, Quantidade total de reclamações, Quantidade total de clientes – CCS e SCR, Quantidade de clientes – CCS, Quantidade de clientes – SCR, 
 Schema: Ano, Trimestre, Categoria, Tipo, CNPJ IF, Instituição financeira, Índice, Quantidade de reclamações reguladas procedentes, Quantidade de reclamações reguladas - outras, Quantidade de reclamações não reguladas, Quantidade total de reclamações, Quantidade total de clientes – CCS e SCR, Quantidade de clientes – CCS, Quantidade de clientes – SCR, _c14
Expected: _c14 but found: 
CSV file: file:///mnt/d/GitHub/C3-Trabalho-Ingestao-Pipeline/Atividade_3–Ingestao_ETL_Python_Spark/data/input/2022_tri_01.csv
26/08/15 22:36:18 WARN CSVHeaderChecker: CSV header does not conform to the schema.
 Header: Ano, Trimestre, Categoria, Tipo, CNPJ IF, Instituição financeira, Índice, Quantidade de reclamações reguladas procedentes, Quantidade de reclamações reguladas - outras, Quantidade de reclamações não reguladas, Quantidade total de reclamações, Quantidade total de clientes – CCS e SCR, Quantidade de clientes – CCS, Quantidade de clientes – SCR, 
 Schema: Ano, Trimestre, Categoria, Tipo, CNPJ IF, Instituição financeira, Índice, Quantidade de reclamações reguladas procedentes, Quantidade de reclamações reguladas - outras, Quantidade de reclamações não reguladas, Quantidade total de reclamações, Quantidade total de clientes – CCS e SCR, Quantidade de clientes – CCS, Quantidade de clientes – SCR, _c14
Expected: _c14 but found: 
CSV file: file:///mnt/d/GitHub/C3-Trabalho-Ingestao-Pipeline/Atividade_3–Ingestao_ETL_Python_Spark/data/input/2022_tri_03.csv
26/08/15 22:36:18 WARN CSVHeaderChecker: CSV header does not conform to the schema.
 Header: Ano, Trimestre, Categoria, Tipo, CNPJ IF, Instituição financeira, Índice, Quantidade de reclamações reguladas procedentes, Quantidade de reclamações reguladas - outras, Quantidade de reclamações não reguladas, Quantidade total de reclamações, Quantidade total de clientes – CCS e SCR, Quantidade de clientes – CCS, Quantidade de clientes – SCR, 
 Schema: Ano, Trimestre, Categoria, Tipo, CNPJ IF, Instituição financeira, Índice, Quantidade de reclamações reguladas procedentes, Quantidade de reclamações reguladas - outras, Quantidade de reclamações não reguladas, Quantidade total de reclamações, Quantidade total de clientes – CCS e SCR, Quantidade de clientes – CCS, Quantidade de clientes – SCR, _c14
Expected: _c14 but found: 
CSV file: file:///mnt/d/GitHub/C3-Trabalho-Ingestao-Pipeline/Atividade_3–Ingestao_ETL_Python_Spark/data/input/2022_tri_03.csv
26/08/15 22:36:19 WARN CSVHeaderChecker: CSV header does not conform to the schema.
 Header: Ano, Trimestre, Categoria, Tipo, CNPJ IF, Instituição financeira, Índice, Quantidade de reclamações reguladas procedentes, Quantidade de reclamações reguladas - outras, Quantidade de reclamações não reguladas, Quantidade total de reclamações, Quantidade total de clientes – CCS e SCR, Quantidade de clientes – CCS, Quantidade de clientes – SCR, 
 Schema: Ano, Trimestre, Categoria, Tipo, CNPJ IF, Instituição financeira, Índice, Quantidade de reclamações reguladas procedentes, Quantidade de reclamações reguladas - outras, Quantidade de reclamações não reguladas, Quantidade total de reclamações, Quantidade total de clientes – CCS e SCR, Quantidade de clientes – CCS, Quantidade de clientes – SCR, _c14
Expected: _c14 but found: 
CSV file: file:///mnt/d/GitHub/C3-Trabalho-Ingestao-Pipeline/Atividade_3–Ingestao_ETL_Python_Spark/data/input/2022_tri_04.csv
26/08/15 22:36:19 WARN CSVHeaderChecker: CSV header does not conform to the schema.
 Header: Ano, Trimestre, Categoria, Tipo, CNPJ IF, Instituição financeira, Índice, Quantidade de reclamações reguladas procedentes, Quantidade de reclamações reguladas - outras, Quantidade de reclamações não reguladas, Quantidade total de reclamações, Quantidade total de clientes – CCS e SCR, Quantidade de clientes – CCS, Quantidade de clientes – SCR, 
 Schema: Ano, Trimestre, Categoria, Tipo, CNPJ IF, Instituição financeira, Índice, Quantidade de reclamações reguladas procedentes, Quantidade de reclamações reguladas - outras, Quantidade de reclamações não reguladas, Quantidade total de reclamações, Quantidade total de clientes – CCS e SCR, Quantidade de clientes – CCS, Quantidade de clientes – SCR, _c14
Expected: _c14 but found: 
CSV file: file:///mnt/d/GitHub/C3-Trabalho-Ingestao-Pipeline/Atividade_3–Ingestao_ETL_Python_Spark/data/input/2022_tri_04.csv
================================================================================
ATIVIDADE 3 - INGESTAO DA CAMADA RAW COM PYSPARK
================================================================================
Spark: 4.1.3
Python: 3.14.4
Python executavel: /home/breno_tostes/venvs/atividade3_spark_wsl/bin/python

Arquivos de reclamacoes encontrados: 7

================================================================================
BASE: 2021_tri_01.csv
REGISTROS: 105
COLUNAS: 15
NOMES DAS COLUNAS:
  - Ano
  - Trimestre
  - Categoria
  - Tipo
  - CNPJ IF
  - Instituição financeira
  - Índice
  - Quantidade de reclamações reguladas procedentes
  - Quantidade de reclamações reguladas - outras
  - Quantidade de reclamações não reguladas
  - Quantidade total de reclamações
  - Quantidade total de clientes – CCS e SCR
  - Quantidade de clientes – CCS
  - Quantidade de clientes – SCR
  - _c14

AMOSTRA:
+----+---------+----------------+----------------+--------+----------------------------------------------------------------+------+-----------------------------------------------+--------------------------------------------+---------------------------------------+-------------------------------+----------------------------------------+----------------------------+----------------------------+----+
|Ano |Trimestre|Categoria       |Tipo            |CNPJ IF |Instituição financeira                                          |Índice|Quantidade de reclamações reguladas procedentes|Quantidade de reclamações reguladas - outras|Quantidade de reclamações não reguladas|Quantidade total de reclamações|Quantidade total de clientes – CCS e SCR|Quantidade de clientes – CCS|Quantidade de clientes – SCR|_c14|
+----+---------+----------------+----------------+--------+----------------------------------------------------------------+------+-----------------------------------------------+--------------------------------------------+---------------------------------------+-------------------------------+----------------------------------------+----------------------------+----------------------------+----+
|2021|1º       |Grupo Secundário|Conglomerado    |        |ABC-BRASIL (conglomerado)                                       |      |2                                              |3                                           |4                                      |9                              |26230                                   |24698                       |3810                        |NULL|
|2021|1º       |Grupo Secundário|Conglomerado    |        |AGIBANK (conglomerado)                                          |54,79 |58                                             |140                                         |73                                     |271                            |1058431                                 |790848                      |693843                      |NULL|
|2021|1º       |Grupo Secundário|Banco/financeira|36321990|AGORACRED S/A SOCIEDADE DE CRÉDITO, FINANCIAMENTO E INVESTIMENTO|      |3                                              |3                                           |0                                      |6                              |420692                                  |129                         |420563                      |NULL|
+----+---------+----------------+----------------+--------+----------------------------------------------------------------+------+-----------------------------------------------+--------------------------------------------+---------------------------------------+-------------------------------+----------------------------------------+----------------------------+----------------------------+----+
only showing top 3 rows
RAW gravada em: data/raw/2021_tri_01

================================================================================
BASE: 2021_tri_02.csv
REGISTROS: 111
COLUNAS: 15
NOMES DAS COLUNAS:
  - Ano
  - Trimestre
  - Categoria
  - Tipo
  - CNPJ IF
  - Instituição financeira
  - Índice
  - Quantidade de reclamações reguladas procedentes
  - Quantidade de reclamações reguladas - outras
  - Quantidade de reclamações não reguladas
  - Quantidade total de reclamações
  - Quantidade total de clientes – CCS e SCR
  - Quantidade de clientes – CCS
  - Quantidade de clientes – SCR
  - _c14

AMOSTRA:
+----+---------+---------------------------+----------------+--------+----------------------------------------------------------------+------+-----------------------------------------------+--------------------------------------------+---------------------------------------+-------------------------------+----------------------------------------+----------------------------+----------------------------+----+
|Ano |Trimestre|Categoria                  |Tipo            |CNPJ IF |Instituição financeira                                          |Índice|Quantidade de reclamações reguladas procedentes|Quantidade de reclamações reguladas - outras|Quantidade de reclamações não reguladas|Quantidade total de reclamações|Quantidade total de clientes – CCS e SCR|Quantidade de clientes – CCS|Quantidade de clientes – SCR|_c14|
+----+---------+---------------------------+----------------+--------+----------------------------------------------------------------+------+-----------------------------------------------+--------------------------------------------+---------------------------------------+-------------------------------+----------------------------------------+----------------------------+----------------------------+----+
|2021|2º       |Demais bancos e financeiras|Conglomerado    |        |ABC-BRASIL (conglomerado)                                       |      |0                                              |2                                           |0                                      |2                              |28022                                   |26485                       |3921                        |NULL|
|2021|2º       |Demais bancos e financeiras|Conglomerado    |        |AGIBANK (conglomerado)                                          |59,49 |68                                             |205                                         |84                                     |357                            |1142941                                 |868256                      |756080                      |NULL|
|2021|2º       |Demais bancos e financeiras|Banco/financeira|36321990|AGORACRED S/A SOCIEDADE DE CRÉDITO, FINANCIAMENTO E INVESTIMENTO|      |2                                              |4                                           |1                                      |7                              |433738                                  |130                         |433608                      |NULL|
+----+---------+---------------------------+----------------+--------+----------------------------------------------------------------+------+-----------------------------------------------+--------------------------------------------+---------------------------------------+-------------------------------+----------------------------------------+----------------------------+----------------------------+----+
only showing top 3 rows
RAW gravada em: data/raw/2021_tri_02

================================================================================
BASE: 2021_tri_03.csv
REGISTROS: 113
COLUNAS: 15
NOMES DAS COLUNAS:
  - Ano
  - Trimestre
  - Categoria
  - Tipo
  - CNPJ IF
  - Instituição financeira
  - Índice
  - Quantidade de reclamações reguladas procedentes
  - Quantidade de reclamações reguladas - outras
  - Quantidade de reclamações não reguladas
  - Quantidade total de reclamações
  - Quantidade total de clientes – CCS e SCR
  - Quantidade de clientes – CCS
  - Quantidade de clientes – SCR
  - _c14

AMOSTRA:
+----+---------+---------------------------+----------------+--------+----------------------------------------------------------------+------+-----------------------------------------------+--------------------------------------------+---------------------------------------+-------------------------------+----------------------------------------+----------------------------+----------------------------+----+
|Ano |Trimestre|Categoria                  |Tipo            |CNPJ IF |Instituição financeira                                          |Índice|Quantidade de reclamações reguladas procedentes|Quantidade de reclamações reguladas - outras|Quantidade de reclamações não reguladas|Quantidade total de reclamações|Quantidade total de clientes – CCS e SCR|Quantidade de clientes – CCS|Quantidade de clientes – SCR|_c14|
+----+---------+---------------------------+----------------+--------+----------------------------------------------------------------+------+-----------------------------------------------+--------------------------------------------+---------------------------------------+-------------------------------+----------------------------------------+----------------------------+----------------------------+----+
|2021|3º       |Demais bancos e financeiras|Conglomerado    |        |ABC-BRASIL (conglomerado)                                       |      |1                                              |2                                           |1                                      |4                              |29707                                   |28217                       |4009                        |NULL|
|2021|3º       |Demais bancos e financeiras|Conglomerado    |        |AGIBANK (conglomerado)                                          |82,54 |109                                            |296                                         |107                                    |512                            |1320447                                 |999951                      |873341                      |NULL|
|2021|3º       |Demais bancos e financeiras|Banco/financeira|36321990|AGORACRED S/A SOCIEDADE DE CRÉDITO, FINANCIAMENTO E INVESTIMENTO|      |3                                              |1                                           |2                                      |6                              |453405                                  |130                         |453275                      |NULL|
+----+---------+---------------------------+----------------+--------+----------------------------------------------------------------+------+-----------------------------------------------+--------------------------------------------+---------------------------------------+-------------------------------+----------------------------------------+----------------------------+----------------------------+----+
only showing top 3 rows
RAW gravada em: data/raw/2021_tri_03

================================================================================
BASE: 2021_tri_04.csv
REGISTROS: 135
COLUNAS: 15
NOMES DAS COLUNAS:
  - Ano
  - Trimestre
  - Categoria
  - Tipo
  - CNPJ IF
  - Instituição financeira
  - Índice
  - Quantidade de reclamações reguladas procedentes
  - Quantidade de reclamações reguladas - outras
  - Quantidade de reclamações não reguladas
  - Quantidade total de reclamações
  - Quantidade total de clientes – CCS e SCR
  - Quantidade de clientes – CCS
  - Quantidade de clientes – SCR
  - _c14

AMOSTRA:
+----+---------+------------------------------------------------------+----------------+--------+---------------------------------+------+-----------------------------------------------+--------------------------------------------+---------------------------------------+-------------------------------+----------------------------------------+----------------------------+----------------------------+----+
|Ano |Trimestre|Categoria                                             |Tipo            |CNPJ IF |Instituição financeira           |Índice|Quantidade de reclamações reguladas procedentes|Quantidade de reclamações reguladas - outras|Quantidade de reclamações não reguladas|Quantidade total de reclamações|Quantidade total de clientes – CCS e SCR|Quantidade de clientes – CCS|Quantidade de clientes – SCR|_c14|
+----+---------+------------------------------------------------------+----------------+--------+---------------------------------+------+-----------------------------------------------+--------------------------------------------+---------------------------------------+-------------------------------+----------------------------------------+----------------------------+----------------------------+----+
|2021|4º       |Demais Bancos, Financeiras e Instituições de Pagamento|Conglomerado    |        |ABC-BRASIL (conglomerado)        |      |2                                              |0                                           |3                                      |5                              |33095                                   |31565                       |4248                        |NULL|
|2021|4º       |Demais Bancos, Financeiras e Instituições de Pagamento|Banco/financeira|13140088|ACESSO SOLUÇÕES DE PAGAMENTO S.A.|20,87 |42                                             |28                                          |5                                      |75                             |2011869                                 |2011869                     |                            |NULL|
|2021|4º       |Demais Bancos, Financeiras e Instituições de Pagamento|Conglomerado    |        |AGIBANK (conglomerado)           |195,92|309                                            |334                                         |76                                     |719                            |1577152                                 |1224075                     |996638                      |NULL|
+----+---------+------------------------------------------------------+----------------+--------+---------------------------------+------+-----------------------------------------------+--------------------------------------------+---------------------------------------+-------------------------------+----------------------------------------+----------------------------+----------------------------+----+
only showing top 3 rows
RAW gravada em: data/raw/2021_tri_04

================================================================================
BASE: 2022_tri_01.csv
REGISTROS: 137
COLUNAS: 15
NOMES DAS COLUNAS:
  - Ano
  - Trimestre
  - Categoria
  - Tipo
  - CNPJ IF
  - Instituição financeira
  - Índice
  - Quantidade de reclamações reguladas procedentes
  - Quantidade de reclamações reguladas - outras
  - Quantidade de reclamações não reguladas
  - Quantidade total de reclamações
  - Quantidade total de clientes – CCS e SCR
  - Quantidade de clientes – CCS
  - Quantidade de clientes – SCR
  - _c14

AMOSTRA:
+----+---------+------------------------------------------------------+----------------+--------+---------------------------------+------+-----------------------------------------------+--------------------------------------------+---------------------------------------+-------------------------------+----------------------------------------+----------------------------+----------------------------+----+
|Ano |Trimestre|Categoria                                             |Tipo            |CNPJ IF |Instituição financeira           |Índice|Quantidade de reclamações reguladas procedentes|Quantidade de reclamações reguladas - outras|Quantidade de reclamações não reguladas|Quantidade total de reclamações|Quantidade total de clientes – CCS e SCR|Quantidade de clientes – CCS|Quantidade de clientes – SCR|_c14|
+----+---------+------------------------------------------------------+----------------+--------+---------------------------------+------+-----------------------------------------------+--------------------------------------------+---------------------------------------+-------------------------------+----------------------------------------+----------------------------+----------------------------+----+
|2022|1º       |Demais Bancos, Financeiras e Instituições de Pagamento|Conglomerado    |        |ABC-BRASIL (conglomerado)        |      |3                                              |1                                           |4                                      |8                              |38792                                   |37048                       |4559                        |NULL|
|2022|1º       |Demais Bancos, Financeiras e Instituições de Pagamento|Banco/financeira|13140088|ACESSO SOLUÇÕES DE PAGAMENTO S.A.|13,24 |30                                             |38                                          |3                                      |71                             |2265540                                 |2265540                     |                            |NULL|
|2022|1º       |Demais Bancos, Financeiras e Instituições de Pagamento|Conglomerado    |        |AGIBANK (conglomerado)           |77,63 |132                                            |223                                         |79                                     |434                            |1700228                                 |1375944                     |1011273                     |NULL|
+----+---------+------------------------------------------------------+----------------+--------+---------------------------------+------+-----------------------------------------------+--------------------------------------------+---------------------------------------+-------------------------------+----------------------------------------+----------------------------+----------------------------+----+
only showing top 3 rows
RAW gravada em: data/raw/2022_tri_01

================================================================================
BASE: 2022_tri_03.csv
REGISTROS: 163
COLUNAS: 15
NOMES DAS COLUNAS:
  - Ano
  - Trimestre
  - Categoria
  - Tipo
  - CNPJ IF
  - Instituição financeira
  - Índice
  - Quantidade de reclamações reguladas procedentes
  - Quantidade de reclamações reguladas - outras
  - Quantidade de reclamações não reguladas
  - Quantidade total de reclamações
  - Quantidade total de clientes – CCS e SCR
  - Quantidade de clientes – CCS
  - Quantidade de clientes – SCR
  - _c14

AMOSTRA:
+----+---------+------------------------------------------------------+----------------+--------+---------------------------------+------+-----------------------------------------------+--------------------------------------------+---------------------------------------+-------------------------------+----------------------------------------+----------------------------+----------------------------+----+
|Ano |Trimestre|Categoria                                             |Tipo            |CNPJ IF |Instituição financeira           |Índice|Quantidade de reclamações reguladas procedentes|Quantidade de reclamações reguladas - outras|Quantidade de reclamações não reguladas|Quantidade total de reclamações|Quantidade total de clientes – CCS e SCR|Quantidade de clientes – CCS|Quantidade de clientes – SCR|_c14|
+----+---------+------------------------------------------------------+----------------+--------+---------------------------------+------+-----------------------------------------------+--------------------------------------------+---------------------------------------+-------------------------------+----------------------------------------+----------------------------+----------------------------+----+
|2022|3º       |Demais Bancos, Financeiras e Instituições de Pagamento|Conglomerado    |        |ABC-BRASIL (conglomerado)        |      |4                                              |7                                           |3                                      |14                             |50720                                   |47485                       |6932                        |NULL|
|2022|3º       |Demais Bancos, Financeiras e Instituições de Pagamento|Conglomerado    |        |ABN AMRO (conglomerado)          |      |0                                              |0                                           |1                                      |1                              |0                                       |0                           |                            |NULL|
|2022|3º       |Demais Bancos, Financeiras e Instituições de Pagamento|Banco/financeira|13140088|ACESSO SOLUÇÕES DE PAGAMENTO S.A.|14,70 |75                                             |128                                         |9                                      |212                            |5098671                                 |5098661                     |19396                       |NULL|
+----+---------+------------------------------------------------------+----------------+--------+---------------------------------+------+-----------------------------------------------+--------------------------------------------+---------------------------------------+-------------------------------+----------------------------------------+----------------------------+----------------------------+----+
only showing top 3 rows
RAW gravada em: data/raw/2022_tri_03

================================================================================
BASE: 2022_tri_04.csv
REGISTROS: 154
COLUNAS: 15
NOMES DAS COLUNAS:
  - Ano
  - Trimestre
  - Categoria
  - Tipo
  - CNPJ IF
  - Instituição financeira
  - Índice
  - Quantidade de reclamações reguladas procedentes
  - Quantidade de reclamações reguladas - outras
  - Quantidade de reclamações não reguladas
  - Quantidade total de reclamações
  - Quantidade total de clientes – CCS e SCR
  - Quantidade de clientes – CCS
  - Quantidade de clientes – SCR
  - _c14

AMOSTRA:
+----+---------+------------------------------------------------------+----------------+--------+------------------------------------------------------------+------+-----------------------------------------------+--------------------------------------------+---------------------------------------+-------------------------------+----------------------------------------+----------------------------+----------------------------+----+
|Ano |Trimestre|Categoria                                             |Tipo            |CNPJ IF |Instituição financeira                                      |Índice|Quantidade de reclamações reguladas procedentes|Quantidade de reclamações reguladas - outras|Quantidade de reclamações não reguladas|Quantidade total de reclamações|Quantidade total de clientes – CCS e SCR|Quantidade de clientes – CCS|Quantidade de clientes – SCR|_c14|
+----+---------+------------------------------------------------------+----------------+--------+------------------------------------------------------------+------+-----------------------------------------------+--------------------------------------------+---------------------------------------+-------------------------------+----------------------------------------+----------------------------+----------------------------+----+
|2022|4º       |Demais Bancos, Financeiras e Instituições de Pagamento|Conglomerado    |        |ABC-BRASIL (conglomerado)                                   |      |11                                             |2                                           |4                                      |17                             |55693                                   |51667                       |7966                        |NULL|
|2022|4º       |Demais Bancos, Financeiras e Instituições de Pagamento|Banco/financeira|13140088|ACESSO SOLUÇÕES DE PAGAMENTO S.A. - INSTITUIÇÃO DE PAGAMENTO|15,52 |86                                             |81                                          |12                                     |179                            |5538591                                 |5538546                     |41852                       |NULL|
|2022|4º       |Demais Bancos, Financeiras e Instituições de Pagamento|Banco/financeira|10868663|ACG INSTITUIÇÃO DE PAGAMENTO S.A.                           |      |1                                              |1                                           |0                                      |2                              |51711                                   |51711                       |                            |NULL|
+----+---------+------------------------------------------------------+----------------+--------+------------------------------------------------------------+------+-----------------------------------------------+--------------------------------------------+---------------------------------------+-------------------------------+----------------------------------------+----------------------------+----------------------------+----+
only showing top 3 rows
RAW gravada em: data/raw/2022_tri_04

================================================================================
BASE: EnquadramentoInicia_v2.tsv
REGISTROS: 1474
COLUNAS: 3
NOMES DAS COLUNAS:
  - Segmento
  - CNPJ
  - Nome

AMOSTRA:
+--------+--------+----------------------------+
|Segmento|CNPJ    |Nome                        |
+--------+--------+----------------------------+
|S1      |0       |BANCO DO BRASIL - PRUDENCIAL|
|S1      |60746948|BRADESCO - PRUDENCIAL       |
|S1      |30306294|BTG PACTUAL - PRUDENCIAL    |
+--------+--------+----------------------------+
only showing top 3 rows
RAW gravada em: data/raw/enquadramento

Arquivos Glassdoor encontrados: 2

================================================================================
BASE: glassdoor_consolidado_join_match_less_v2.csv
REGISTROS: 5
COLUNAS: 23
NOMES DAS COLUNAS:
  - employer_name
  - reviews_count
  - culture_count
  - salaries_count
  - benefits_count
  - employer-website
  - employer-headquarters
  - employer-founded
  - employer-industry
  - employer-revenue
  - url
  - Geral
  - Cultura e valores
  - Diversidade e inclusão
  - Qualidade de vida
  - Alta liderança
  - Remuneração e benefícios
  - Oportunidades de carreira
  - Recomendam para outras pessoas(%)
  - Perspectiva positiva da empresa(%)
  - CNPJ
  - Nome
  - match_percent

AMOSTRA:
+-----------------------+-------------+-------------+--------------+--------------+-------------------------+---------------------+----------------+-----------------------------------------------------------------------------------+--------------------------+-------------------------------------------------------------------------------------------------------+-----+-----------------+----------------------+-----------------+--------------+------------------------+-------------------------+---------------------------------+----------------------------------+--------+--------------------------------------------------+-------------+
|employer_name          |reviews_count|culture_count|salaries_count|benefits_count|employer-website         |employer-headquarters|employer-founded|employer-industry                                                                  |employer-revenue          |url                                                                                                    |Geral|Cultura e valores|Diversidade e inclusão|Qualidade de vida|Alta liderança|Remuneração e benefícios|Oportunidades de carreira|Recomendam para outras pessoas(%)|Perspectiva positiva da empresa(%)|CNPJ    |Nome                                              |match_percent|
+-----------------------+-------------+-------------+--------------+--------------+-------------------------+---------------------+----------------+-----------------------------------------------------------------------------------+--------------------------+-------------------------------------------------------------------------------------------------------+-----+-----------------+----------------------+-----------------+--------------+------------------------+-------------------------+---------------------------------+----------------------------------+--------+--------------------------------------------------+-------------+
|Apex Group             |450          |281          |592           |74            |http://www.apexgroup.com |Hamilton, Bermuda    |2003.0          |/Explorar/melhores-gestão-de-ativos-e-investimentos-empresas_II.9,41_IIND200146.htm|Mais de US$ 10 bilhões    |https://www.glassdoor.com.br/Vis%C3%A3o-geral/Trabalhar-na-Apex-Group-EI_IE764729.13,23.htm            |3.2  |2.9              |3.5                   |3.0              |2.9           |2.7                     |3.2                      |52.0                             |53.0                              |655522  |APE POUPEX                                        |70           |
|Banco Alfa             |175          |74           |271           |105           |http://www.alfanet.com.br|São Paulo, Brasil    |1925.0          |/Explorar/melhores-serviços-bancários-e-de-crédito-empresas_II.9,40_IIND200048.htm |Desconhecida/não se aplica|https://www.glassdoor.com.br/Vis%C3%A3o-geral/Trabalhar-na-Banco-Alfa-EI_IE817306.13,23.htm            |3.5  |3.2              |3.2                   |3.1              |2.8           |3.8                     |2.7                      |68.0                             |47.0                              |58160789|SAFRA                                             |67           |
|China Construction Bank|871          |194          |720           |240           |http://www.ccb.com       |Pequim, China        |NULL            |/Explorar/melhores-serviços-bancários-e-de-crédito-empresas_II.9,40_IIND200048.htm |Mais de US$ 10 bilhões    |https://www.glassdoor.com.br/Vis%C3%A3o-geral/Trabalhar-na-China-Construction-Bank-EI_IE12617.13,36.htm|3.4  |3.0              |3.0                   |3.4              |2.9           |3.5                     |2.8                      |54.0                             |42.0                              |7450604 |CHINA CONSTRUCTION BANK (BRASIL) BANCO MULTIPLO S/|77           |
+-----------------------+-------------+-------------+--------------+--------------+-------------------------+---------------------+----------------+-----------------------------------------------------------------------------------+--------------------------+-------------------------------------------------------------------------------------------------------+-----+-----------------+----------------------+-----------------+--------------+------------------------+-------------------------+---------------------------------+----------------------------------+--------+--------------------------------------------------+-------------+
only showing top 3 rows
RAW gravada em: data/raw/glassdoor_consolidado_join_match_less_v2

================================================================================
BASE: glassdoor_consolidado_join_match_v2.csv
REGISTROS: 34
COLUNAS: 23
NOMES DAS COLUNAS:
  - employer_name
  - reviews_count
  - culture_count
  - salaries_count
  - benefits_count
  - employer-website
  - employer-headquarters
  - employer-founded
  - employer-industry
  - employer-revenue
  - url
  - Geral
  - Cultura e valores
  - Diversidade e inclusão
  - Qualidade de vida
  - Alta liderança
  - Remuneração e benefícios
  - Oportunidades de carreira
  - Recomendam para outras pessoas(%)
  - Perspectiva positiva da empresa(%)
  - Segmento
  - Nome
  - match_percent

AMOSTRA:
+-------------+-------------+-------------+--------------+--------------+---------------------------+---------------------+----------------+-----------------------------------------------------------------------------------+--------------------------+--------------------------------------------------------------------------------------------+-----+-----------------+----------------------+-----------------+--------------+------------------------+-------------------------+---------------------------------+----------------------------------+--------+-----------+-------------+
|employer_name|reviews_count|culture_count|salaries_count|benefits_count|employer-website           |employer-headquarters|employer-founded|employer-industry                                                                  |employer-revenue          |url                                                                                         |Geral|Cultura e valores|Diversidade e inclusão|Qualidade de vida|Alta liderança|Remuneração e benefícios|Oportunidades de carreira|Recomendam para outras pessoas(%)|Perspectiva positiva da empresa(%)|Segmento|Nome       |match_percent|
+-------------+-------------+-------------+--------------+--------------+---------------------------+---------------------+----------------+-----------------------------------------------------------------------------------+--------------------------+--------------------------------------------------------------------------------------------+-----+-----------------+----------------------+-----------------+--------------+------------------------+-------------------------+---------------------------------+----------------------------------+--------+-----------+-------------+
|BNP Paribas  |13000        |4100         |20000         |3600          |http://www.group.bnpparibas|Paris, França        |2000.0          |/Explorar/melhores-serviços-bancários-e-de-crédito-empresas_II.9,40_IIND200048.htm |Mais de US$ 10 bilhões    |https://www.glassdoor.com.br/Vis%C3%A3o-geral/Trabalhar-na-BNP-Paribas-EI_IE10342.13,24.htm |3.8  |3.7              |4.0                   |3.8              |3.4           |3.4                     |3.5                      |77.0                             |63.0                              |S3      |BNP PARIBAS|100          |
|BTG Pactual  |1600         |683          |2800          |635           |http://www.btgpactual.com  |São Paulo, Brasil    |NULL            |/Explorar/melhores-gestão-de-ativos-e-investimentos-empresas_II.9,41_IIND200146.htm|Desconhecida/não se aplica|https://www.glassdoor.com.br/Vis%C3%A3o-geral/Trabalhar-na-BTG-Pactual-EI_IE411540.13,24.htm|4.0  |3.7              |3.5                   |2.8              |3.7           |4.4                     |4.2                      |78.0                             |73.0                              |S1      |BTG PACTUAL|100          |
|Banco Alfa   |175          |74           |271           |105           |http://www.alfanet.com.br  |São Paulo, Brasil    |1925.0          |/Explorar/melhores-serviços-bancários-e-de-crédito-empresas_II.9,40_IIND200048.htm |Desconhecida/não se aplica|https://www.glassdoor.com.br/Vis%C3%A3o-geral/Trabalhar-na-Banco-Alfa-EI_IE817306.13,23.htm |3.5  |3.2              |3.2                   |3.1              |2.8           |3.8                     |2.7                      |68.0                             |47.0                              |S3      |ALFA       |100          |
+-------------+-------------+-------------+--------------+--------------+---------------------------+---------------------+----------------+-----------------------------------------------------------------------------------+--------------------------+--------------------------------------------------------------------------------------------+-----+-----------------+----------------------+-----------------+--------------+------------------------+-------------------------+---------------------------------+----------------------------------+--------+-----------+-------------+
only showing top 3 rows
RAW gravada em: data/raw/glassdoor_consolidado_join_match_v2

================================================================================
RESUMO DA INGESTAO RAW
================================================================================
Arquivos de reclamacoes: 7
Registros totais de reclamacoes: 918
Arquivos Glassdoor: 2
Base de enquadramento: 1

INGESTAO RAW CONCLUIDA COM SUCESSO.
