WARNING: Using incubator modules: jdk.incubator.vector
Using Spark's default log4j profile: org/apache/spark/log4j2-defaults.properties
26/08/15 22:40:47 WARN Utils: Your hostname, DESKTOP-8FOB866, resolves to a loopback address: 127.0.1.1; using 10.255.255.254 instead (on interface lo)
26/08/15 22:40:47 WARN Utils: Set SPARK_LOCAL_IP if you need to bind to another address
Using Spark's default log4j profile: org/apache/spark/log4j2-defaults.properties
Setting default log level to "WARN".
To adjust logging level use sc.setLogLevel(newLevel). For SparkR, use setLogLevel(newLevel).
26/08/15 22:40:48 WARN NativeCodeLoader: Unable to load native-hadoop library for your platform... using builtin-java classes where applicable
26/08/15 22:40:59 ERROR Utils: Aborting task
org.apache.spark.SparkNumberFormatException: [CAST_INVALID_INPUT] The value '16.699.13' of the type "STRING" cannot be cast to "DECIMAL(18,2)" because it is malformed. Correct the value as per the syntax, or change its target type. Use `try_cast` to tolerate malformed input and return NULL instead. SQLSTATE: 22018
== DataFrame ==
"cast" was called from
/mnt/d/GitHub/C3-Trabalho-Ingestao-Pipeline/Atividade_3–Ingestao_ETL_Python_Spark/./src/05_trusted_reclamacoes.py:167

	at org.apache.spark.sql.errors.DataTypeErrors$.invalidInputInCastToNumberError(DataTypeErrors.scala:228)
	at org.apache.spark.sql.types.Decimal$.fromStringANSI(Decimal.scala:668)
	at org.apache.spark.sql.types.Decimal.fromStringANSI(Decimal.scala)
	at org.apache.spark.sql.catalyst.expressions.GeneratedClass$GeneratedIteratorForCodegenStage4.project_doConsume_0$(Unknown Source)
	at org.apache.spark.sql.catalyst.expressions.GeneratedClass$GeneratedIteratorForCodegenStage4.processNext(Unknown Source)
	at org.apache.spark.sql.execution.BufferedRowIterator.hasNext(BufferedRowIterator.java:43)
	at org.apache.spark.sql.execution.WholeStageCodegenEvaluatorFactory$WholeStageCodegenPartitionEvaluator$$anon$1.hasNext(WholeStageCodegenEvaluatorFactory.scala:50)
	at org.apache.spark.sql.execution.datasources.FileFormatDataWriter.writeWithIterator(FileFormatDataWriter.scala:110)
	at org.apache.spark.sql.execution.datasources.FileFormatWriter$.$anonfun$executeTask$1(FileFormatWriter.scala:406)
	at org.apache.spark.util.Utils$.tryWithSafeFinallyAndFailureCallbacks(Utils.scala:1337)
	at org.apache.spark.sql.execution.datasources.FileFormatWriter$.executeTask(FileFormatWriter.scala:418)
	at org.apache.spark.sql.execution.datasources.WriteFilesExec.$anonfun$doExecuteWrite$1(WriteFiles.scala:107)
	at org.apache.spark.rdd.RDD.$anonfun$mapPartitionsInternal$2(RDD.scala:901)
	at org.apache.spark.rdd.RDD.$anonfun$mapPartitionsInternal$2$adapted(RDD.scala:901)
	at org.apache.spark.rdd.MapPartitionsRDD.compute(MapPartitionsRDD.scala:52)
	at org.apache.spark.rdd.RDD.computeOrReadCheckpoint(RDD.scala:374)
	at org.apache.spark.rdd.RDD.iterator(RDD.scala:338)
	at org.apache.spark.scheduler.ResultTask.runTask(ResultTask.scala:93)
	at org.apache.spark.TaskContext.runTaskWithListeners(TaskContext.scala:180)
	at org.apache.spark.scheduler.Task.run(Task.scala:147)
	at org.apache.spark.executor.Executor$TaskRunner.$anonfun$run$4(Executor.scala:873)
	at org.apache.spark.util.SparkErrorUtils.tryWithSafeFinally(SparkErrorUtils.scala:86)
	at org.apache.spark.util.SparkErrorUtils.tryWithSafeFinally$(SparkErrorUtils.scala:83)
	at org.apache.spark.util.Utils$.tryWithSafeFinally(Utils.scala:97)
	at org.apache.spark.executor.Executor$TaskRunner.run(Executor.scala:876)
	at java.base/java.util.concurrent.ThreadPoolExecutor.runWorker(ThreadPoolExecutor.java:1136)
	at java.base/java.util.concurrent.ThreadPoolExecutor$Worker.run(ThreadPoolExecutor.java:635)
	at java.base/java.lang.Thread.run(Thread.java:840)
26/08/15 22:40:59 ERROR Utils: Aborting task
org.apache.spark.SparkNumberFormatException: [CAST_INVALID_INPUT] The value '2.055.01' of the type "STRING" cannot be cast to "DECIMAL(18,2)" because it is malformed. Correct the value as per the syntax, or change its target type. Use `try_cast` to tolerate malformed input and return NULL instead. SQLSTATE: 22018
== DataFrame ==
"cast" was called from
/mnt/d/GitHub/C3-Trabalho-Ingestao-Pipeline/Atividade_3–Ingestao_ETL_Python_Spark/./src/05_trusted_reclamacoes.py:167

	at org.apache.spark.sql.errors.DataTypeErrors$.invalidInputInCastToNumberError(DataTypeErrors.scala:228)
	at org.apache.spark.sql.types.Decimal$.fromStringANSI(Decimal.scala:668)
	at org.apache.spark.sql.types.Decimal.fromStringANSI(Decimal.scala)
	at org.apache.spark.sql.catalyst.expressions.GeneratedClass$GeneratedIteratorForCodegenStage3.project_doConsume_0$(Unknown Source)
	at org.apache.spark.sql.catalyst.expressions.GeneratedClass$GeneratedIteratorForCodegenStage3.processNext(Unknown Source)
	at org.apache.spark.sql.execution.BufferedRowIterator.hasNext(BufferedRowIterator.java:43)
	at org.apache.spark.sql.execution.WholeStageCodegenEvaluatorFactory$WholeStageCodegenPartitionEvaluator$$anon$1.hasNext(WholeStageCodegenEvaluatorFactory.scala:50)
	at org.apache.spark.sql.execution.datasources.FileFormatDataWriter.writeWithIterator(FileFormatDataWriter.scala:110)
	at org.apache.spark.sql.execution.datasources.FileFormatWriter$.$anonfun$executeTask$1(FileFormatWriter.scala:406)
	at org.apache.spark.util.Utils$.tryWithSafeFinallyAndFailureCallbacks(Utils.scala:1337)
	at org.apache.spark.sql.execution.datasources.FileFormatWriter$.executeTask(FileFormatWriter.scala:418)
	at org.apache.spark.sql.execution.datasources.WriteFilesExec.$anonfun$doExecuteWrite$1(WriteFiles.scala:107)
	at org.apache.spark.rdd.RDD.$anonfun$mapPartitionsInternal$2(RDD.scala:901)
	at org.apache.spark.rdd.RDD.$anonfun$mapPartitionsInternal$2$adapted(RDD.scala:901)
	at org.apache.spark.rdd.MapPartitionsRDD.compute(MapPartitionsRDD.scala:52)
	at org.apache.spark.rdd.RDD.computeOrReadCheckpoint(RDD.scala:374)
	at org.apache.spark.rdd.RDD.iterator(RDD.scala:338)
	at org.apache.spark.scheduler.ResultTask.runTask(ResultTask.scala:93)
	at org.apache.spark.TaskContext.runTaskWithListeners(TaskContext.scala:180)
	at org.apache.spark.scheduler.Task.run(Task.scala:147)
	at org.apache.spark.executor.Executor$TaskRunner.$anonfun$run$4(Executor.scala:873)
	at org.apache.spark.util.SparkErrorUtils.tryWithSafeFinally(SparkErrorUtils.scala:86)
	at org.apache.spark.util.SparkErrorUtils.tryWithSafeFinally$(SparkErrorUtils.scala:83)
	at org.apache.spark.util.Utils$.tryWithSafeFinally(Utils.scala:97)
	at org.apache.spark.executor.Executor$TaskRunner.run(Executor.scala:876)
	at java.base/java.util.concurrent.ThreadPoolExecutor.runWorker(ThreadPoolExecutor.java:1136)
	at java.base/java.util.concurrent.ThreadPoolExecutor$Worker.run(ThreadPoolExecutor.java:635)
	at java.base/java.lang.Thread.run(Thread.java:840)
26/08/15 22:40:59 ERROR FileFormatWriter: Job: job_202608152240591790656492011630472_0020, Task: task_202608152240591790656492011630472_0020_m_000003, Task attempt attempt_202608152240591790656492011630472_0020_m_000003_43 aborted.
26/08/15 22:40:59 ERROR Executor: Exception in task 3.0 in stage 20.0 (TID 43)
org.apache.spark.SparkNumberFormatException: [CAST_INVALID_INPUT] The value '16.699.13' of the type "STRING" cannot be cast to "DECIMAL(18,2)" because it is malformed. Correct the value as per the syntax, or change its target type. Use `try_cast` to tolerate malformed input and return NULL instead. SQLSTATE: 22018
== DataFrame ==
"cast" was called from
/mnt/d/GitHub/C3-Trabalho-Ingestao-Pipeline/Atividade_3–Ingestao_ETL_Python_Spark/./src/05_trusted_reclamacoes.py:167

	at org.apache.spark.sql.errors.DataTypeErrors$.invalidInputInCastToNumberError(DataTypeErrors.scala:228)
	at org.apache.spark.sql.types.Decimal$.fromStringANSI(Decimal.scala:668)
	at org.apache.spark.sql.types.Decimal.fromStringANSI(Decimal.scala)
	at org.apache.spark.sql.catalyst.expressions.GeneratedClass$GeneratedIteratorForCodegenStage4.project_doConsume_0$(Unknown Source)
	at org.apache.spark.sql.catalyst.expressions.GeneratedClass$GeneratedIteratorForCodegenStage4.processNext(Unknown Source)
	at org.apache.spark.sql.execution.BufferedRowIterator.hasNext(BufferedRowIterator.java:43)
	at org.apache.spark.sql.execution.WholeStageCodegenEvaluatorFactory$WholeStageCodegenPartitionEvaluator$$anon$1.hasNext(WholeStageCodegenEvaluatorFactory.scala:50)
	at org.apache.spark.sql.execution.datasources.FileFormatDataWriter.writeWithIterator(FileFormatDataWriter.scala:110)
	at org.apache.spark.sql.execution.datasources.FileFormatWriter$.$anonfun$executeTask$1(FileFormatWriter.scala:406)
	at org.apache.spark.util.Utils$.tryWithSafeFinallyAndFailureCallbacks(Utils.scala:1337)
	at org.apache.spark.sql.execution.datasources.FileFormatWriter$.executeTask(FileFormatWriter.scala:418)
	at org.apache.spark.sql.execution.datasources.WriteFilesExec.$anonfun$doExecuteWrite$1(WriteFiles.scala:107)
	at org.apache.spark.rdd.RDD.$anonfun$mapPartitionsInternal$2(RDD.scala:901)
	at org.apache.spark.rdd.RDD.$anonfun$mapPartitionsInternal$2$adapted(RDD.scala:901)
	at org.apache.spark.rdd.MapPartitionsRDD.compute(MapPartitionsRDD.scala:52)
	at org.apache.spark.rdd.RDD.computeOrReadCheckpoint(RDD.scala:374)
	at org.apache.spark.rdd.RDD.iterator(RDD.scala:338)
	at org.apache.spark.scheduler.ResultTask.runTask(ResultTask.scala:93)
	at org.apache.spark.TaskContext.runTaskWithListeners(TaskContext.scala:180)
	at org.apache.spark.scheduler.Task.run(Task.scala:147)
	at org.apache.spark.executor.Executor$TaskRunner.$anonfun$run$4(Executor.scala:873)
	at org.apache.spark.util.SparkErrorUtils.tryWithSafeFinally(SparkErrorUtils.scala:86)
	at org.apache.spark.util.SparkErrorUtils.tryWithSafeFinally$(SparkErrorUtils.scala:83)
	at org.apache.spark.util.Utils$.tryWithSafeFinally(Utils.scala:97)
	at org.apache.spark.executor.Executor$TaskRunner.run(Executor.scala:876)
	at java.base/java.util.concurrent.ThreadPoolExecutor.runWorker(ThreadPoolExecutor.java:1136)
	at java.base/java.util.concurrent.ThreadPoolExecutor$Worker.run(ThreadPoolExecutor.java:635)
	at java.base/java.lang.Thread.run(Thread.java:840)
26/08/15 22:40:59 ERROR FileFormatWriter: Job: job_202608152240591790656492011630472_0020, Task: task_202608152240591790656492011630472_0020_m_000002, Task attempt attempt_202608152240591790656492011630472_0020_m_000002_42 aborted.
26/08/15 22:40:59 ERROR Executor: Exception in task 2.0 in stage 20.0 (TID 42)
org.apache.spark.SparkNumberFormatException: [CAST_INVALID_INPUT] The value '2.055.01' of the type "STRING" cannot be cast to "DECIMAL(18,2)" because it is malformed. Correct the value as per the syntax, or change its target type. Use `try_cast` to tolerate malformed input and return NULL instead. SQLSTATE: 22018
== DataFrame ==
"cast" was called from
/mnt/d/GitHub/C3-Trabalho-Ingestao-Pipeline/Atividade_3–Ingestao_ETL_Python_Spark/./src/05_trusted_reclamacoes.py:167

	at org.apache.spark.sql.errors.DataTypeErrors$.invalidInputInCastToNumberError(DataTypeErrors.scala:228)
	at org.apache.spark.sql.types.Decimal$.fromStringANSI(Decimal.scala:668)
	at org.apache.spark.sql.types.Decimal.fromStringANSI(Decimal.scala)
	at org.apache.spark.sql.catalyst.expressions.GeneratedClass$GeneratedIteratorForCodegenStage3.project_doConsume_0$(Unknown Source)
	at org.apache.spark.sql.catalyst.expressions.GeneratedClass$GeneratedIteratorForCodegenStage3.processNext(Unknown Source)
	at org.apache.spark.sql.execution.BufferedRowIterator.hasNext(BufferedRowIterator.java:43)
	at org.apache.spark.sql.execution.WholeStageCodegenEvaluatorFactory$WholeStageCodegenPartitionEvaluator$$anon$1.hasNext(WholeStageCodegenEvaluatorFactory.scala:50)
	at org.apache.spark.sql.execution.datasources.FileFormatDataWriter.writeWithIterator(FileFormatDataWriter.scala:110)
	at org.apache.spark.sql.execution.datasources.FileFormatWriter$.$anonfun$executeTask$1(FileFormatWriter.scala:406)
	at org.apache.spark.util.Utils$.tryWithSafeFinallyAndFailureCallbacks(Utils.scala:1337)
	at org.apache.spark.sql.execution.datasources.FileFormatWriter$.executeTask(FileFormatWriter.scala:418)
	at org.apache.spark.sql.execution.datasources.WriteFilesExec.$anonfun$doExecuteWrite$1(WriteFiles.scala:107)
	at org.apache.spark.rdd.RDD.$anonfun$mapPartitionsInternal$2(RDD.scala:901)
	at org.apache.spark.rdd.RDD.$anonfun$mapPartitionsInternal$2$adapted(RDD.scala:901)
	at org.apache.spark.rdd.MapPartitionsRDD.compute(MapPartitionsRDD.scala:52)
	at org.apache.spark.rdd.RDD.computeOrReadCheckpoint(RDD.scala:374)
	at org.apache.spark.rdd.RDD.iterator(RDD.scala:338)
	at org.apache.spark.scheduler.ResultTask.runTask(ResultTask.scala:93)
	at org.apache.spark.TaskContext.runTaskWithListeners(TaskContext.scala:180)
	at org.apache.spark.scheduler.Task.run(Task.scala:147)
	at org.apache.spark.executor.Executor$TaskRunner.$anonfun$run$4(Executor.scala:873)
	at org.apache.spark.util.SparkErrorUtils.tryWithSafeFinally(SparkErrorUtils.scala:86)
	at org.apache.spark.util.SparkErrorUtils.tryWithSafeFinally$(SparkErrorUtils.scala:83)
	at org.apache.spark.util.Utils$.tryWithSafeFinally(Utils.scala:97)
	at org.apache.spark.executor.Executor$TaskRunner.run(Executor.scala:876)
	at java.base/java.util.concurrent.ThreadPoolExecutor.runWorker(ThreadPoolExecutor.java:1136)
	at java.base/java.util.concurrent.ThreadPoolExecutor$Worker.run(ThreadPoolExecutor.java:635)
	at java.base/java.lang.Thread.run(Thread.java:840)
26/08/15 22:40:59 WARN TaskSetManager: Lost task 3.0 in stage 20.0 (TID 43) (10.255.255.254 executor driver): org.apache.spark.SparkNumberFormatException: [CAST_INVALID_INPUT] The value '16.699.13' of the type "STRING" cannot be cast to "DECIMAL(18,2)" because it is malformed. Correct the value as per the syntax, or change its target type. Use `try_cast` to tolerate malformed input and return NULL instead. SQLSTATE: 22018
== DataFrame ==
"cast" was called from
/mnt/d/GitHub/C3-Trabalho-Ingestao-Pipeline/Atividade_3–Ingestao_ETL_Python_Spark/./src/05_trusted_reclamacoes.py:167

	at org.apache.spark.sql.errors.DataTypeErrors$.invalidInputInCastToNumberError(DataTypeErrors.scala:228)
	at org.apache.spark.sql.types.Decimal$.fromStringANSI(Decimal.scala:668)
	at org.apache.spark.sql.types.Decimal.fromStringANSI(Decimal.scala)
	at org.apache.spark.sql.catalyst.expressions.GeneratedClass$GeneratedIteratorForCodegenStage4.project_doConsume_0$(Unknown Source)
	at org.apache.spark.sql.catalyst.expressions.GeneratedClass$GeneratedIteratorForCodegenStage4.processNext(Unknown Source)
	at org.apache.spark.sql.execution.BufferedRowIterator.hasNext(BufferedRowIterator.java:43)
	at org.apache.spark.sql.execution.WholeStageCodegenEvaluatorFactory$WholeStageCodegenPartitionEvaluator$$anon$1.hasNext(WholeStageCodegenEvaluatorFactory.scala:50)
	at org.apache.spark.sql.execution.datasources.FileFormatDataWriter.writeWithIterator(FileFormatDataWriter.scala:110)
	at org.apache.spark.sql.execution.datasources.FileFormatWriter$.$anonfun$executeTask$1(FileFormatWriter.scala:406)
	at org.apache.spark.util.Utils$.tryWithSafeFinallyAndFailureCallbacks(Utils.scala:1337)
	at org.apache.spark.sql.execution.datasources.FileFormatWriter$.executeTask(FileFormatWriter.scala:418)
	at org.apache.spark.sql.execution.datasources.WriteFilesExec.$anonfun$doExecuteWrite$1(WriteFiles.scala:107)
	at org.apache.spark.rdd.RDD.$anonfun$mapPartitionsInternal$2(RDD.scala:901)
	at org.apache.spark.rdd.RDD.$anonfun$mapPartitionsInternal$2$adapted(RDD.scala:901)
	at org.apache.spark.rdd.MapPartitionsRDD.compute(MapPartitionsRDD.scala:52)
	at org.apache.spark.rdd.RDD.computeOrReadCheckpoint(RDD.scala:374)
	at org.apache.spark.rdd.RDD.iterator(RDD.scala:338)
	at org.apache.spark.scheduler.ResultTask.runTask(ResultTask.scala:93)
	at org.apache.spark.TaskContext.runTaskWithListeners(TaskContext.scala:180)
	at org.apache.spark.scheduler.Task.run(Task.scala:147)
	at org.apache.spark.executor.Executor$TaskRunner.$anonfun$run$4(Executor.scala:873)
	at org.apache.spark.util.SparkErrorUtils.tryWithSafeFinally(SparkErrorUtils.scala:86)
	at org.apache.spark.util.SparkErrorUtils.tryWithSafeFinally$(SparkErrorUtils.scala:83)
	at org.apache.spark.util.Utils$.tryWithSafeFinally(Utils.scala:97)
	at org.apache.spark.executor.Executor$TaskRunner.run(Executor.scala:876)
	at java.base/java.util.concurrent.ThreadPoolExecutor.runWorker(ThreadPoolExecutor.java:1136)
	at java.base/java.util.concurrent.ThreadPoolExecutor$Worker.run(ThreadPoolExecutor.java:635)
	at java.base/java.lang.Thread.run(Thread.java:840)

26/08/15 22:40:59 ERROR TaskSetManager: Task 3 in stage 20.0 failed 1 times; aborting job
26/08/15 22:40:59 WARN TaskSetManager: Lost task 2.0 in stage 20.0 (TID 42) (10.255.255.254 executor driver): org.apache.spark.SparkNumberFormatException: [CAST_INVALID_INPUT] The value '2.055.01' of the type "STRING" cannot be cast to "DECIMAL(18,2)" because it is malformed. Correct the value as per the syntax, or change its target type. Use `try_cast` to tolerate malformed input and return NULL instead. SQLSTATE: 22018
== DataFrame ==
"cast" was called from
/mnt/d/GitHub/C3-Trabalho-Ingestao-Pipeline/Atividade_3–Ingestao_ETL_Python_Spark/./src/05_trusted_reclamacoes.py:167

	at org.apache.spark.sql.errors.DataTypeErrors$.invalidInputInCastToNumberError(DataTypeErrors.scala:228)
	at org.apache.spark.sql.types.Decimal$.fromStringANSI(Decimal.scala:668)
	at org.apache.spark.sql.types.Decimal.fromStringANSI(Decimal.scala)
	at org.apache.spark.sql.catalyst.expressions.GeneratedClass$GeneratedIteratorForCodegenStage3.project_doConsume_0$(Unknown Source)
	at org.apache.spark.sql.catalyst.expressions.GeneratedClass$GeneratedIteratorForCodegenStage3.processNext(Unknown Source)
	at org.apache.spark.sql.execution.BufferedRowIterator.hasNext(BufferedRowIterator.java:43)
	at org.apache.spark.sql.execution.WholeStageCodegenEvaluatorFactory$WholeStageCodegenPartitionEvaluator$$anon$1.hasNext(WholeStageCodegenEvaluatorFactory.scala:50)
	at org.apache.spark.sql.execution.datasources.FileFormatDataWriter.writeWithIterator(FileFormatDataWriter.scala:110)
	at org.apache.spark.sql.execution.datasources.FileFormatWriter$.$anonfun$executeTask$1(FileFormatWriter.scala:406)
	at org.apache.spark.util.Utils$.tryWithSafeFinallyAndFailureCallbacks(Utils.scala:1337)
	at org.apache.spark.sql.execution.datasources.FileFormatWriter$.executeTask(FileFormatWriter.scala:418)
	at org.apache.spark.sql.execution.datasources.WriteFilesExec.$anonfun$doExecuteWrite$1(WriteFiles.scala:107)
	at org.apache.spark.rdd.RDD.$anonfun$mapPartitionsInternal$2(RDD.scala:901)
	at org.apache.spark.rdd.RDD.$anonfun$mapPartitionsInternal$2$adapted(RDD.scala:901)
	at org.apache.spark.rdd.MapPartitionsRDD.compute(MapPartitionsRDD.scala:52)
	at org.apache.spark.rdd.RDD.computeOrReadCheckpoint(RDD.scala:374)
	at org.apache.spark.rdd.RDD.iterator(RDD.scala:338)
	at org.apache.spark.scheduler.ResultTask.runTask(ResultTask.scala:93)
	at org.apache.spark.TaskContext.runTaskWithListeners(TaskContext.scala:180)
	at org.apache.spark.scheduler.Task.run(Task.scala:147)
	at org.apache.spark.executor.Executor$TaskRunner.$anonfun$run$4(Executor.scala:873)
	at org.apache.spark.util.SparkErrorUtils.tryWithSafeFinally(SparkErrorUtils.scala:86)
	at org.apache.spark.util.SparkErrorUtils.tryWithSafeFinally$(SparkErrorUtils.scala:83)
	at org.apache.spark.util.Utils$.tryWithSafeFinally(Utils.scala:97)
	at org.apache.spark.executor.Executor$TaskRunner.run(Executor.scala:876)
	at java.base/java.util.concurrent.ThreadPoolExecutor.runWorker(ThreadPoolExecutor.java:1136)
	at java.base/java.util.concurrent.ThreadPoolExecutor$Worker.run(ThreadPoolExecutor.java:635)
	at java.base/java.lang.Thread.run(Thread.java:840)

26/08/15 22:40:59 ERROR FileFormatWriter: Aborting job 4952ce60-800d-453b-9376-897cf628caca.
org.apache.spark.SparkNumberFormatException: [CAST_INVALID_INPUT] The value '16.699.13' of the type "STRING" cannot be cast to "DECIMAL(18,2)" because it is malformed. Correct the value as per the syntax, or change its target type. Use `try_cast` to tolerate malformed input and return NULL instead. SQLSTATE: 22018
== DataFrame ==
"cast" was called from
/mnt/d/GitHub/C3-Trabalho-Ingestao-Pipeline/Atividade_3–Ingestao_ETL_Python_Spark/./src/05_trusted_reclamacoes.py:167

	at org.apache.spark.sql.errors.DataTypeErrors$.invalidInputInCastToNumberError(DataTypeErrors.scala:228)
	at org.apache.spark.sql.types.Decimal$.fromStringANSI(Decimal.scala:668)
	at org.apache.spark.sql.types.Decimal.fromStringANSI(Decimal.scala)
	at org.apache.spark.sql.catalyst.expressions.GeneratedClass$GeneratedIteratorForCodegenStage4.project_doConsume_0$(Unknown Source)
	at org.apache.spark.sql.catalyst.expressions.GeneratedClass$GeneratedIteratorForCodegenStage4.processNext(Unknown Source)
	at org.apache.spark.sql.execution.BufferedRowIterator.hasNext(BufferedRowIterator.java:43)
	at org.apache.spark.sql.execution.WholeStageCodegenEvaluatorFactory$WholeStageCodegenPartitionEvaluator$$anon$1.hasNext(WholeStageCodegenEvaluatorFactory.scala:50)
	at org.apache.spark.sql.execution.datasources.FileFormatDataWriter.writeWithIterator(FileFormatDataWriter.scala:110)
	at org.apache.spark.sql.execution.datasources.FileFormatWriter$.$anonfun$executeTask$1(FileFormatWriter.scala:406)
	at org.apache.spark.util.Utils$.tryWithSafeFinallyAndFailureCallbacks(Utils.scala:1337)
	at org.apache.spark.sql.execution.datasources.FileFormatWriter$.executeTask(FileFormatWriter.scala:418)
	at org.apache.spark.sql.execution.datasources.WriteFilesExec.$anonfun$doExecuteWrite$1(WriteFiles.scala:107)
	at org.apache.spark.rdd.RDD.$anonfun$mapPartitionsInternal$2(RDD.scala:901)
	at org.apache.spark.rdd.RDD.$anonfun$mapPartitionsInternal$2$adapted(RDD.scala:901)
	at org.apache.spark.rdd.MapPartitionsRDD.compute(MapPartitionsRDD.scala:52)
	at org.apache.spark.rdd.RDD.computeOrReadCheckpoint(RDD.scala:374)
	at org.apache.spark.rdd.RDD.iterator(RDD.scala:338)
	at org.apache.spark.scheduler.ResultTask.runTask(ResultTask.scala:93)
	at org.apache.spark.TaskContext.runTaskWithListeners(TaskContext.scala:180)
	at org.apache.spark.scheduler.Task.run(Task.scala:147)
	at org.apache.spark.executor.Executor$TaskRunner.$anonfun$run$4(Executor.scala:873)
	at org.apache.spark.util.SparkErrorUtils.tryWithSafeFinally(SparkErrorUtils.scala:86)
	at org.apache.spark.util.SparkErrorUtils.tryWithSafeFinally$(SparkErrorUtils.scala:83)
	at org.apache.spark.util.Utils$.tryWithSafeFinally(Utils.scala:97)
	at org.apache.spark.executor.Executor$TaskRunner.run(Executor.scala:876)
	at java.base/java.util.concurrent.ThreadPoolExecutor.runWorker(ThreadPoolExecutor.java:1136)
	at java.base/java.util.concurrent.ThreadPoolExecutor$Worker.run(ThreadPoolExecutor.java:635)
	at java.base/java.lang.Thread.run(Thread.java:840)
	at org.apache.spark.scheduler.DAGScheduler.runJob(DAGScheduler.scala:1017)
	at org.apache.spark.SparkContext.runJob(SparkContext.scala:2496)
	at org.apache.spark.sql.execution.datasources.FileFormatWriter$.$anonfun$executeWrite$4(FileFormatWriter.scala:309)
	at org.apache.spark.sql.execution.datasources.FileFormatWriter$.writeAndCommit(FileFormatWriter.scala:270)
	at org.apache.spark.sql.execution.datasources.FileFormatWriter$.executeWrite(FileFormatWriter.scala:306)
	at org.apache.spark.sql.execution.datasources.FileFormatWriter$.write(FileFormatWriter.scala:189)
	at org.apache.spark.sql.execution.datasources.InsertIntoHadoopFsRelationCommand.run(InsertIntoHadoopFsRelationCommand.scala:195)
	at org.apache.spark.sql.execution.command.DataWritingCommandExec.sideEffectResult$lzycompute(commands.scala:117)
	at org.apache.spark.sql.execution.command.DataWritingCommandExec.sideEffectResult(commands.scala:115)
	at org.apache.spark.sql.execution.command.DataWritingCommandExec.executeCollect(commands.scala:129)
	at org.apache.spark.sql.execution.QueryExecution.$anonfun$eagerlyExecuteCommands$2(QueryExecution.scala:185)
	at org.apache.spark.sql.execution.SQLExecution$.$anonfun$withNewExecutionId0$8(SQLExecution.scala:177)
	at org.apache.spark.sql.execution.SQLExecution$.withSessionTagsApplied(SQLExecution.scala:285)
	at org.apache.spark.sql.execution.SQLExecution$.$anonfun$withNewExecutionId0$7(SQLExecution.scala:139)
	at org.apache.spark.JobArtifactSet$.withActiveJobArtifactState(JobArtifactSet.scala:94)
	at org.apache.spark.sql.artifact.ArtifactManager.$anonfun$withResources$1(ArtifactManager.scala:112)
	at org.apache.spark.sql.artifact.ArtifactManager.withClassLoaderIfNeeded(ArtifactManager.scala:106)
	at org.apache.spark.sql.artifact.ArtifactManager.withResources(ArtifactManager.scala:111)
	at org.apache.spark.sql.execution.SQLExecution$.$anonfun$withNewExecutionId0$6(SQLExecution.scala:139)
	at org.apache.spark.sql.execution.SQLExecution$.withSQLConfPropagated(SQLExecution.scala:308)
	at org.apache.spark.sql.execution.SQLExecution$.$anonfun$withNewExecutionId0$1(SQLExecution.scala:138)
	at org.apache.spark.sql.SparkSession.withActive(SparkSession.scala:804)
	at org.apache.spark.sql.execution.SQLExecution$.withNewExecutionId0(SQLExecution.scala:92)
	at org.apache.spark.sql.execution.SQLExecution$.withNewExecutionId(SQLExecution.scala:250)
	at org.apache.spark.sql.execution.QueryExecution.$anonfun$eagerlyExecuteCommands$1(QueryExecution.scala:185)
	at org.apache.spark.sql.execution.QueryExecution$.withInternalError(QueryExecution.scala:717)
	at org.apache.spark.sql.execution.QueryExecution.org$apache$spark$sql$execution$QueryExecution$$eagerlyExecute$1(QueryExecution.scala:184)
	at org.apache.spark.sql.execution.QueryExecution$$anonfun$eagerlyExecuteCommands$3.applyOrElse(QueryExecution.scala:201)
	at org.apache.spark.sql.execution.QueryExecution$$anonfun$eagerlyExecuteCommands$3.applyOrElse(QueryExecution.scala:194)
	at org.apache.spark.sql.catalyst.trees.TreeNode.$anonfun$transformDownWithPruning$1(TreeNode.scala:491)
	at org.apache.spark.sql.catalyst.trees.CurrentOrigin$.withOrigin(origin.scala:107)
	at org.apache.spark.sql.catalyst.trees.TreeNode.transformDownWithPruning(TreeNode.scala:491)
	at org.apache.spark.sql.catalyst.plans.logical.LogicalPlan.org$apache$spark$sql$catalyst$plans$logical$AnalysisHelper$$super$transformDownWithPruning(LogicalPlan.scala:37)
	at org.apache.spark.sql.catalyst.plans.logical.AnalysisHelper.transformDownWithPruning(AnalysisHelper.scala:360)
	at org.apache.spark.sql.catalyst.plans.logical.AnalysisHelper.transformDownWithPruning$(AnalysisHelper.scala:356)
	at org.apache.spark.sql.catalyst.plans.logical.LogicalPlan.transformDownWithPruning(LogicalPlan.scala:37)
	at org.apache.spark.sql.catalyst.plans.logical.LogicalPlan.transformDownWithPruning(LogicalPlan.scala:37)
	at org.apache.spark.sql.catalyst.trees.TreeNode.transformDown(TreeNode.scala:467)
	at org.apache.spark.sql.execution.QueryExecution.eagerlyExecuteCommands(QueryExecution.scala:194)
	at org.apache.spark.sql.execution.QueryExecution.$anonfun$lazyCommandExecuted$1(QueryExecution.scala:155)
	at scala.util.Try$.apply(Try.scala:217)
	at org.apache.spark.util.Utils$.doTryWithCallerStacktrace(Utils.scala:1392)
	at org.apache.spark.util.LazyTry.tryT$lzycompute(LazyTry.scala:46)
	at org.apache.spark.util.LazyTry.tryT(LazyTry.scala:46)
	at org.apache.spark.util.LazyTry.get(LazyTry.scala:58)
	at org.apache.spark.sql.execution.QueryExecution.commandExecuted(QueryExecution.scala:160)
	at org.apache.spark.sql.execution.QueryExecution.assertCommandExecuted(QueryExecution.scala:239)
	at org.apache.spark.sql.classic.DataFrameWriter.runCommand(DataFrameWriter.scala:592)
	at org.apache.spark.sql.classic.DataFrameWriter.save(DataFrameWriter.scala:115)
	at org.apache.spark.sql.DataFrameWriter.parquet(DataFrameWriter.scala:369)
	at java.base/jdk.internal.reflect.NativeMethodAccessorImpl.invoke0(Native Method)
	at java.base/jdk.internal.reflect.NativeMethodAccessorImpl.invoke(NativeMethodAccessorImpl.java:77)
	at java.base/jdk.internal.reflect.DelegatingMethodAccessorImpl.invoke(DelegatingMethodAccessorImpl.java:43)
	at java.base/java.lang.reflect.Method.invoke(Method.java:569)
	at py4j.reflection.MethodInvoker.invoke(MethodInvoker.java:244)
	at py4j.reflection.ReflectionEngine.invoke(ReflectionEngine.java:374)
	at py4j.Gateway.invoke(Gateway.java:282)
	at py4j.commands.AbstractCommand.invokeMethod(AbstractCommand.java:132)
	at py4j.commands.CallCommand.execute(CallCommand.java:79)
	at py4j.ClientServerConnection.waitForCommands(ClientServerConnection.java:184)
	at py4j.ClientServerConnection.run(ClientServerConnection.java:108)
	at java.base/java.lang.Thread.run(Thread.java:840)
26/08/15 22:40:59 ERROR Utils: Aborting task
org.apache.spark.TaskKilledException
	at org.apache.spark.TaskContextImpl.killTaskIfInterrupted(TaskContextImpl.scala:276)
	at org.apache.spark.sql.execution.datasources.FileScanRDD$$anon$1.hasNext(FileScanRDD.scala:137)
	at org.apache.spark.sql.execution.FileSourceScanExec$$anon$1.hasNext(DataSourceScanExec.scala:773)
	at org.apache.spark.sql.catalyst.expressions.GeneratedClass$GeneratedIteratorForCodegenStage7.columnartorow_nextBatch_0$(Unknown Source)
	at org.apache.spark.sql.catalyst.expressions.GeneratedClass$GeneratedIteratorForCodegenStage7.processNext(Unknown Source)
	at org.apache.spark.sql.execution.BufferedRowIterator.hasNext(BufferedRowIterator.java:43)
	at org.apache.spark.sql.execution.WholeStageCodegenEvaluatorFactory$WholeStageCodegenPartitionEvaluator$$anon$1.hasNext(WholeStageCodegenEvaluatorFactory.scala:50)
	at org.apache.spark.sql.execution.datasources.FileFormatWriter$.$anonfun$executeTask$1(FileFormatWriter.scala:390)
	at org.apache.spark.util.Utils$.tryWithSafeFinallyAndFailureCallbacks(Utils.scala:1337)
	at org.apache.spark.sql.execution.datasources.FileFormatWriter$.executeTask(FileFormatWriter.scala:418)
	at org.apache.spark.sql.execution.datasources.WriteFilesExec.$anonfun$doExecuteWrite$1(WriteFiles.scala:107)
	at org.apache.spark.rdd.RDD.$anonfun$mapPartitionsInternal$2(RDD.scala:901)
	at org.apache.spark.rdd.RDD.$anonfun$mapPartitionsInternal$2$adapted(RDD.scala:901)
	at org.apache.spark.rdd.MapPartitionsRDD.compute(MapPartitionsRDD.scala:52)
	at org.apache.spark.rdd.RDD.computeOrReadCheckpoint(RDD.scala:374)
	at org.apache.spark.rdd.RDD.iterator(RDD.scala:338)
	at org.apache.spark.scheduler.ResultTask.runTask(ResultTask.scala:93)
	at org.apache.spark.TaskContext.runTaskWithListeners(TaskContext.scala:180)
	at org.apache.spark.scheduler.Task.run(Task.scala:147)
	at org.apache.spark.executor.Executor$TaskRunner.$anonfun$run$4(Executor.scala:873)
	at org.apache.spark.util.SparkErrorUtils.tryWithSafeFinally(SparkErrorUtils.scala:86)
	at org.apache.spark.util.SparkErrorUtils.tryWithSafeFinally$(SparkErrorUtils.scala:83)
	at org.apache.spark.util.Utils$.tryWithSafeFinally(Utils.scala:97)
	at org.apache.spark.executor.Executor$TaskRunner.run(Executor.scala:876)
	at java.base/java.util.concurrent.ThreadPoolExecutor.runWorker(ThreadPoolExecutor.java:1136)
	at java.base/java.util.concurrent.ThreadPoolExecutor$Worker.run(ThreadPoolExecutor.java:635)
	at java.base/java.lang.Thread.run(Thread.java:840)
26/08/15 22:40:59 WARN FileOutputCommitter: Could not delete file:/mnt/d/GitHub/C3-Trabalho-Ingestao-Pipeline/Atividade_3–Ingestao_ETL_Python_Spark/data/trusted/reclamacoes/_temporary/0/_temporary/attempt_202608152240591790656492011630472_0020_m_000006_46
26/08/15 22:40:59 ERROR FileFormatWriter: Job: job_202608152240591790656492011630472_0020, Task: task_202608152240591790656492011630472_0020_m_000006, Task attempt attempt_202608152240591790656492011630472_0020_m_000006_46 aborted.
26/08/15 22:40:59 WARN TaskSetManager: Lost task 6.0 in stage 20.0 (TID 46) (10.255.255.254 executor driver): TaskKilled (Stage cancelled: [CAST_INVALID_INPUT] The value '16.699.13' of the type "STRING" cannot be cast to "DECIMAL(18,2)" because it is malformed. Correct the value as per the syntax, or change its target type. Use `try_cast` to tolerate malformed input and return NULL instead. SQLSTATE: 22018
== DataFrame ==
"cast" was called from
/mnt/d/GitHub/C3-Trabalho-Ingestao-Pipeline/Atividade_3–Ingestao_ETL_Python_Spark/./src/05_trusted_reclamacoes.py:167
)
{"ts": "2026-08-15 22:41:00.172", "level": "ERROR", "logger": "DataFrameQueryContextLogger", "msg": "[CAST_INVALID_INPUT] The value '16.699.13' of the type \"STRING\" cannot be cast to \"DECIMAL(18,2)\" because it is malformed. Correct the value as per the syntax, or change its target type. Use `try_cast` to tolerate malformed input and return NULL instead. SQLSTATE: 22018", "context": {"file": "/mnt/d/GitHub/C3-Trabalho-Ingestao-Pipeline/Atividade_3–Ingestao_ETL_Python_Spark/./src/05_trusted_reclamacoes.py", "line": "167", "fragment": "cast", "errorClass": "CAST_INVALID_INPUT"}, "exception": {"class": "Py4JJavaError", "msg": "An error occurred while calling o389.parquet.\n: org.apache.spark.SparkNumberFormatException: [CAST_INVALID_INPUT] The value '16.699.13' of the type \"STRING\" cannot be cast to \"DECIMAL(18,2)\" because it is malformed. Correct the value as per the syntax, or change its target type. Use `try_cast` to tolerate malformed input and return NULL instead. SQLSTATE: 22018\n== DataFrame ==\n\"cast\" was called from\n/mnt/d/GitHub/C3-Trabalho-Ingestao-Pipeline/Atividade_3–Ingestao_ETL_Python_Spark/./src/05_trusted_reclamacoes.py:167\n\n\tat org.apache.spark.sql.errors.DataTypeErrors$.invalidInputInCastToNumberError(DataTypeErrors.scala:228)\n\tat org.apache.spark.sql.types.Decimal$.fromStringANSI(Decimal.scala:668)\n\tat org.apache.spark.sql.types.Decimal.fromStringANSI(Decimal.scala)\n\tat org.apache.spark.sql.catalyst.expressions.GeneratedClass$GeneratedIteratorForCodegenStage4.project_doConsume_0$(Unknown Source)\n\tat org.apache.spark.sql.catalyst.expressions.GeneratedClass$GeneratedIteratorForCodegenStage4.processNext(Unknown Source)\n\tat org.apache.spark.sql.execution.BufferedRowIterator.hasNext(BufferedRowIterator.java:43)\n\tat org.apache.spark.sql.execution.WholeStageCodegenEvaluatorFactory$WholeStageCodegenPartitionEvaluator$$anon$1.hasNext(WholeStageCodegenEvaluatorFactory.scala:50)\n\tat org.apache.spark.sql.execution.datasources.FileFormatDataWriter.writeWithIterator(FileFormatDataWriter.scala:110)\n\tat org.apache.spark.sql.execution.datasources.FileFormatWriter$.$anonfun$executeTask$1(FileFormatWriter.scala:406)\n\tat org.apache.spark.util.Utils$.tryWithSafeFinallyAndFailureCallbacks(Utils.scala:1337)\n\tat org.apache.spark.sql.execution.datasources.FileFormatWriter$.executeTask(FileFormatWriter.scala:418)\n\tat org.apache.spark.sql.execution.datasources.WriteFilesExec.$anonfun$doExecuteWrite$1(WriteFiles.scala:107)\n\tat org.apache.spark.rdd.RDD.$anonfun$mapPartitionsInternal$2(RDD.scala:901)\n\tat org.apache.spark.rdd.RDD.$anonfun$mapPartitionsInternal$2$adapted(RDD.scala:901)\n\tat org.apache.spark.rdd.MapPartitionsRDD.compute(MapPartitionsRDD.scala:52)\n\tat org.apache.spark.rdd.RDD.computeOrReadCheckpoint(RDD.scala:374)\n\tat org.apache.spark.rdd.RDD.iterator(RDD.scala:338)\n\tat org.apache.spark.scheduler.ResultTask.runTask(ResultTask.scala:93)\n\tat org.apache.spark.TaskContext.runTaskWithListeners(TaskContext.scala:180)\n\tat org.apache.spark.scheduler.Task.run(Task.scala:147)\n\tat org.apache.spark.executor.Executor$TaskRunner.$anonfun$run$4(Executor.scala:873)\n\tat org.apache.spark.util.SparkErrorUtils.tryWithSafeFinally(SparkErrorUtils.scala:86)\n\tat org.apache.spark.util.SparkErrorUtils.tryWithSafeFinally$(SparkErrorUtils.scala:83)\n\tat org.apache.spark.util.Utils$.tryWithSafeFinally(Utils.scala:97)\n\tat org.apache.spark.executor.Executor$TaskRunner.run(Executor.scala:876)\n\tat java.base/java.util.concurrent.ThreadPoolExecutor.runWorker(ThreadPoolExecutor.java:1136)\n\tat java.base/java.util.concurrent.ThreadPoolExecutor$Worker.run(ThreadPoolExecutor.java:635)\n\tat java.base/java.lang.Thread.run(Thread.java:840)\n\tat org.apache.spark.scheduler.DAGScheduler.runJob(DAGScheduler.scala:1017)\n\tat org.apache.spark.SparkContext.runJob(SparkContext.scala:2496)\n\tat org.apache.spark.sql.execution.datasources.FileFormatWriter$.$anonfun$executeWrite$4(FileFormatWriter.scala:309)\n\tat org.apache.spark.sql.execution.datasources.FileFormatWriter$.writeAndCommit(FileFormatWriter.scala:270)\n\tat org.apache.spark.sql.execution.datasources.FileFormatWriter$.executeWrite(FileFormatWriter.scala:306)\n\tat org.apache.spark.sql.execution.datasources.FileFormatWriter$.write(FileFormatWriter.scala:189)\n\tat org.apache.spark.sql.execution.datasources.InsertIntoHadoopFsRelationCommand.run(InsertIntoHadoopFsRelationCommand.scala:195)\n\tat org.apache.spark.sql.execution.command.DataWritingCommandExec.sideEffectResult$lzycompute(commands.scala:117)\n\tat org.apache.spark.sql.execution.command.DataWritingCommandExec.sideEffectResult(commands.scala:115)\n\tat org.apache.spark.sql.execution.command.DataWritingCommandExec.executeCollect(commands.scala:129)\n\tat org.apache.spark.sql.execution.QueryExecution.$anonfun$eagerlyExecuteCommands$2(QueryExecution.scala:185)\n\tat org.apache.spark.sql.execution.SQLExecution$.$anonfun$withNewExecutionId0$8(SQLExecution.scala:177)\n\tat org.apache.spark.sql.execution.SQLExecution$.withSessionTagsApplied(SQLExecution.scala:285)\n\tat org.apache.spark.sql.execution.SQLExecution$.$anonfun$withNewExecutionId0$7(SQLExecution.scala:139)\n\tat org.apache.spark.JobArtifactSet$.withActiveJobArtifactState(JobArtifactSet.scala:94)\n\tat org.apache.spark.sql.artifact.ArtifactManager.$anonfun$withResources$1(ArtifactManager.scala:112)\n\tat org.apache.spark.sql.artifact.ArtifactManager.withClassLoaderIfNeeded(ArtifactManager.scala:106)\n\tat org.apache.spark.sql.artifact.ArtifactManager.withResources(ArtifactManager.scala:111)\n\tat org.apache.spark.sql.execution.SQLExecution$.$anonfun$withNewExecutionId0$6(SQLExecution.scala:139)\n\tat org.apache.spark.sql.execution.SQLExecution$.withSQLConfPropagated(SQLExecution.scala:308)\n\tat org.apache.spark.sql.execution.SQLExecution$.$anonfun$withNewExecutionId0$1(SQLExecution.scala:138)\n\tat org.apache.spark.sql.SparkSession.withActive(SparkSession.scala:804)\n\tat org.apache.spark.sql.execution.SQLExecution$.withNewExecutionId0(SQLExecution.scala:92)\n\tat org.apache.spark.sql.execution.SQLExecution$.withNewExecutionId(SQLExecution.scala:250)\n\tat org.apache.spark.sql.execution.QueryExecution.$anonfun$eagerlyExecuteCommands$1(QueryExecution.scala:185)\n\tat org.apache.spark.sql.execution.QueryExecution$.withInternalError(QueryExecution.scala:717)\n\tat org.apache.spark.sql.execution.QueryExecution.org$apache$spark$sql$execution$QueryExecution$$eagerlyExecute$1(QueryExecution.scala:184)\n\tat org.apache.spark.sql.execution.QueryExecution$$anonfun$eagerlyExecuteCommands$3.applyOrElse(QueryExecution.scala:201)\n\tat org.apache.spark.sql.execution.QueryExecution$$anonfun$eagerlyExecuteCommands$3.applyOrElse(QueryExecution.scala:194)\n\tat org.apache.spark.sql.catalyst.trees.TreeNode.$anonfun$transformDownWithPruning$1(TreeNode.scala:491)\n\tat org.apache.spark.sql.catalyst.trees.CurrentOrigin$.withOrigin(origin.scala:107)\n\tat org.apache.spark.sql.catalyst.trees.TreeNode.transformDownWithPruning(TreeNode.scala:491)\n\tat org.apache.spark.sql.catalyst.plans.logical.LogicalPlan.org$apache$spark$sql$catalyst$plans$logical$AnalysisHelper$$super$transformDownWithPruning(LogicalPlan.scala:37)\n\tat org.apache.spark.sql.catalyst.plans.logical.AnalysisHelper.transformDownWithPruning(AnalysisHelper.scala:360)\n\tat org.apache.spark.sql.catalyst.plans.logical.AnalysisHelper.transformDownWithPruning$(AnalysisHelper.scala:356)\n\tat org.apache.spark.sql.catalyst.plans.logical.LogicalPlan.transformDownWithPruning(LogicalPlan.scala:37)\n\tat org.apache.spark.sql.catalyst.plans.logical.LogicalPlan.transformDownWithPruning(LogicalPlan.scala:37)\n\tat org.apache.spark.sql.catalyst.trees.TreeNode.transformDown(TreeNode.scala:467)\n\tat org.apache.spark.sql.execution.QueryExecution.eagerlyExecuteCommands(QueryExecution.scala:194)\n\tat org.apache.spark.sql.execution.QueryExecution.$anonfun$lazyCommandExecuted$1(QueryExecution.scala:155)\n\tat scala.util.Try$.apply(Try.scala:217)\n\tat org.apache.spark.util.Utils$.doTryWithCallerStacktrace(Utils.scala:1392)\n\tat org.apache.spark.util.Utils$.getTryWithCallerStacktrace(Utils.scala:1453)\n\tat org.apache.spark.util.LazyTry.get(LazyTry.scala:58)\n\tat org.apache.spark.sql.execution.QueryExecution.commandExecuted(QueryExecution.scala:160)\n\tat org.apache.spark.sql.execution.QueryExecution.assertCommandExecuted(QueryExecution.scala:239)\n\tat org.apache.spark.sql.classic.DataFrameWriter.runCommand(DataFrameWriter.scala:592)\n\tat org.apache.spark.sql.classic.DataFrameWriter.save(DataFrameWriter.scala:115)\n\tat org.apache.spark.sql.DataFrameWriter.parquet(DataFrameWriter.scala:369)\n\tat java.base/jdk.internal.reflect.NativeMethodAccessorImpl.invoke0(Native Method)\n\tat java.base/jdk.internal.reflect.NativeMethodAccessorImpl.invoke(NativeMethodAccessorImpl.java:77)\n\tat java.base/jdk.internal.reflect.DelegatingMethodAccessorImpl.invoke(DelegatingMethodAccessorImpl.java:43)\n\tat java.base/java.lang.reflect.Method.invoke(Method.java:569)\n\tat py4j.reflection.MethodInvoker.invoke(MethodInvoker.java:244)\n\tat py4j.reflection.ReflectionEngine.invoke(ReflectionEngine.java:374)\n\tat py4j.Gateway.invoke(Gateway.java:282)\n\tat py4j.commands.AbstractCommand.invokeMethod(AbstractCommand.java:132)\n\tat py4j.commands.CallCommand.execute(CallCommand.java:79)\n\tat py4j.ClientServerConnection.waitForCommands(ClientServerConnection.java:184)\n\tat py4j.ClientServerConnection.run(ClientServerConnection.java:108)\n\tat java.base/java.lang.Thread.run(Thread.java:840)\n\tSuppressed: org.apache.spark.util.Utils$OriginalTryStackTraceException: Full stacktrace of original doTryWithCallerStacktrace caller\n\t\tat org.apache.spark.sql.errors.DataTypeErrors$.invalidInputInCastToNumberError(DataTypeErrors.scala:228)\n\t\tat org.apache.spark.sql.types.Decimal$.fromStringANSI(Decimal.scala:668)\n\t\tat org.apache.spark.sql.types.Decimal.fromStringANSI(Decimal.scala)\n\t\tat org.apache.spark.sql.catalyst.expressions.GeneratedClass$GeneratedIteratorForCodegenStage4.project_doConsume_0$(Unknown Source)\n\t\tat org.apache.spark.sql.catalyst.expressions.GeneratedClass$GeneratedIteratorForCodegenStage4.processNext(Unknown Source)\n\t\tat org.apache.spark.sql.execution.BufferedRowIterator.hasNext(BufferedRowIterator.java:43)\n\t\tat org.apache.spark.sql.execution.WholeStageCodegenEvaluatorFactory$WholeStageCodegenPartitionEvaluator$$anon$1.hasNext(WholeStageCodegenEvaluatorFactory.scala:50)\n\t\tat org.apache.spark.sql.execution.datasources.FileFormatDataWriter.writeWithIterator(FileFormatDataWriter.scala:110)\n\t\tat org.apache.spark.sql.execution.datasources.FileFormatWriter$.$anonfun$executeTask$1(FileFormatWriter.scala:406)\n\t\tat org.apache.spark.util.Utils$.tryWithSafeFinallyAndFailureCallbacks(Utils.scala:1337)\n\t\tat org.apache.spark.sql.execution.datasources.FileFormatWriter$.executeTask(FileFormatWriter.scala:418)\n\t\tat org.apache.spark.sql.execution.datasources.WriteFilesExec.$anonfun$doExecuteWrite$1(WriteFiles.scala:107)\n\t\tat org.apache.spark.rdd.RDD.$anonfun$mapPartitionsInternal$2(RDD.scala:901)\n\t\tat org.apache.spark.rdd.RDD.$anonfun$mapPartitionsInternal$2$adapted(RDD.scala:901)\n\t\tat org.apache.spark.rdd.MapPartitionsRDD.compute(MapPartitionsRDD.scala:52)\n\t\tat org.apache.spark.rdd.RDD.computeOrReadCheckpoint(RDD.scala:374)\n\t\tat org.apache.spark.rdd.RDD.iterator(RDD.scala:338)\n\t\tat org.apache.spark.scheduler.ResultTask.runTask(ResultTask.scala:93)\n\t\tat org.apache.spark.TaskContext.runTaskWithListeners(TaskContext.scala:180)\n\t\tat org.apache.spark.scheduler.Task.run(Task.scala:147)\n\t\tat org.apache.spark.executor.Executor$TaskRunner.$anonfun$run$4(Executor.scala:873)\n\t\tat org.apache.spark.util.SparkErrorUtils.tryWithSafeFinally(SparkErrorUtils.scala:86)\n\t\tat org.apache.spark.util.SparkErrorUtils.tryWithSafeFinally$(SparkErrorUtils.scala:83)\n\t\tat org.apache.spark.util.Utils$.tryWithSafeFinally(Utils.scala:97)\n\t\tat org.apache.spark.executor.Executor$TaskRunner.run(Executor.scala:876)\n\t\tat java.base/java.util.concurrent.ThreadPoolExecutor.runWorker(ThreadPoolExecutor.java:1136)\n\t\tat java.base/java.util.concurrent.ThreadPoolExecutor$Worker.run(ThreadPoolExecutor.java:635)\n\t\tat java.base/java.lang.Thread.run(Thread.java:840)\n\t\tat org.apache.spark.scheduler.DAGScheduler.runJob(DAGScheduler.scala:1017)\n\t\tat org.apache.spark.SparkContext.runJob(SparkContext.scala:2496)\n\t\tat org.apache.spark.sql.execution.datasources.FileFormatWriter$.$anonfun$executeWrite$4(FileFormatWriter.scala:309)\n\t\tat org.apache.spark.sql.execution.datasources.FileFormatWriter$.writeAndCommit(FileFormatWriter.scala:270)\n\t\tat org.apache.spark.sql.execution.datasources.FileFormatWriter$.executeWrite(FileFormatWriter.scala:306)\n\t\tat org.apache.spark.sql.execution.datasources.FileFormatWriter$.write(FileFormatWriter.scala:189)\n\t\tat org.apache.spark.sql.execution.datasources.InsertIntoHadoopFsRelationCommand.run(InsertIntoHadoopFsRelationCommand.scala:195)\n\t\tat org.apache.spark.sql.execution.command.DataWritingCommandExec.sideEffectResult$lzycompute(commands.scala:117)\n\t\tat org.apache.spark.sql.execution.command.DataWritingCommandExec.sideEffectResult(commands.scala:115)\n\t\tat org.apache.spark.sql.execution.command.DataWritingCommandExec.executeCollect(commands.scala:129)\n\t\tat org.apache.spark.sql.execution.QueryExecution.$anonfun$eagerlyExecuteCommands$2(QueryExecution.scala:185)\n\t\tat org.apache.spark.sql.execution.SQLExecution$.$anonfun$withNewExecutionId0$8(SQLExecution.scala:177)\n\t\tat org.apache.spark.sql.execution.SQLExecution$.withSessionTagsApplied(SQLExecution.scala:285)\n\t\tat org.apache.spark.sql.execution.SQLExecution$.$anonfun$withNewExecutionId0$7(SQLExecution.scala:139)\n\t\tat org.apache.spark.JobArtifactSet$.withActiveJobArtifactState(JobArtifactSet.scala:94)\n\t\tat org.apache.spark.sql.artifact.ArtifactManager.$anonfun$withResources$1(ArtifactManager.scala:112)\n\t\tat org.apache.spark.sql.artifact.ArtifactManager.withClassLoaderIfNeeded(ArtifactManager.scala:106)\n\t\tat org.apache.spark.sql.artifact.ArtifactManager.withResources(ArtifactManager.scala:111)\n\t\tat org.apache.spark.sql.execution.SQLExecution$.$anonfun$withNewExecutionId0$6(SQLExecution.scala:139)\n\t\tat org.apache.spark.sql.execution.SQLExecution$.withSQLConfPropagated(SQLExecution.scala:308)\n\t\tat org.apache.spark.sql.execution.SQLExecution$.$anonfun$withNewExecutionId0$1(SQLExecution.scala:138)\n\t\tat org.apache.spark.sql.SparkSession.withActive(SparkSession.scala:804)\n\t\tat org.apache.spark.sql.execution.SQLExecution$.withNewExecutionId0(SQLExecution.scala:92)\n\t\tat org.apache.spark.sql.execution.SQLExecution$.withNewExecutionId(SQLExecution.scala:250)\n\t\tat org.apache.spark.sql.execution.QueryExecution.$anonfun$eagerlyExecuteCommands$1(QueryExecution.scala:185)\n\t\tat org.apache.spark.sql.execution.QueryExecution$.withInternalError(QueryExecution.scala:717)\n\t\tat org.apache.spark.sql.execution.QueryExecution.org$apache$spark$sql$execution$QueryExecution$$eagerlyExecute$1(QueryExecution.scala:184)\n\t\tat org.apache.spark.sql.execution.QueryExecution$$anonfun$eagerlyExecuteCommands$3.applyOrElse(QueryExecution.scala:201)\n\t\tat org.apache.spark.sql.execution.QueryExecution$$anonfun$eagerlyExecuteCommands$3.applyOrElse(QueryExecution.scala:194)\n\t\tat org.apache.spark.sql.catalyst.trees.TreeNode.$anonfun$transformDownWithPruning$1(TreeNode.scala:491)\n\t\tat org.apache.spark.sql.catalyst.trees.CurrentOrigin$.withOrigin(origin.scala:107)\n\t\tat org.apache.spark.sql.catalyst.trees.TreeNode.transformDownWithPruning(TreeNode.scala:491)\n\t\tat org.apache.spark.sql.catalyst.plans.logical.LogicalPlan.org$apache$spark$sql$catalyst$plans$logical$AnalysisHelper$$super$transformDownWithPruning(LogicalPlan.scala:37)\n\t\tat org.apache.spark.sql.catalyst.plans.logical.AnalysisHelper.transformDownWithPruning(AnalysisHelper.scala:360)\n\t\tat org.apache.spark.sql.catalyst.plans.logical.AnalysisHelper.transformDownWithPruning$(AnalysisHelper.scala:356)\n\t\tat org.apache.spark.sql.catalyst.plans.logical.LogicalPlan.transformDownWithPruning(LogicalPlan.scala:37)\n\t\tat org.apache.spark.sql.catalyst.plans.logical.LogicalPlan.transformDownWithPruning(LogicalPlan.scala:37)\n\t\tat org.apache.spark.sql.catalyst.trees.TreeNode.transformDown(TreeNode.scala:467)\n\t\tat org.apache.spark.sql.execution.QueryExecution.eagerlyExecuteCommands(QueryExecution.scala:194)\n\t\tat org.apache.spark.sql.execution.QueryExecution.$anonfun$lazyCommandExecuted$1(QueryExecution.scala:155)\n\t\tat scala.util.Try$.apply(Try.scala:217)\n\t\tat org.apache.spark.util.Utils$.doTryWithCallerStacktrace(Utils.scala:1392)\n\t\tat org.apache.spark.util.LazyTry.tryT$lzycompute(LazyTry.scala:46)\n\t\tat org.apache.spark.util.LazyTry.tryT(LazyTry.scala:46)\n\t\t... 18 more\n", "stacktrace": [{"class": null, "method": "deco", "file": "/home/breno_tostes/venvs/atividade3_spark_wsl/lib/python3.14/site-packages/pyspark/errors/exceptions/captured.py", "line": "263"}, {"class": null, "method": "get_return_value", "file": "/home/breno_tostes/venvs/atividade3_spark_wsl/lib/python3.14/site-packages/py4j/protocol.py", "line": "327"}]}}
================================================================================
ATIVIDADE 3 - CAMADA TRUSTED - RECLAMACOES
================================================================================

Registros recebidos da RAW: 918
Colunas recebidas da RAW: 16
[OK] Coluna _c14 removida.

--------------------------------------------------------------------------------
VALIDACOES DA TRUSTED
--------------------------------------------------------------------------------
Registros antes: 918
Registros depois: 918
Colunas finais: 16
Anos invalidos: 0
Trimestres invalidos: 0
[OK] Quantidade de registros preservada: 918.
[OK] _c14 nao existe na Trusted.
[OK] Todos os anos foram convertidos corretamente.
[OK] Todos os trimestres foram convertidos corretamente.

SCHEMA FINAL:
root
 |-- ano: integer (nullable = true)
 |-- trimestre: string (nullable = true)
 |-- categoria: string (nullable = true)
 |-- tipo: string (nullable = true)
 |-- cnpj_if: string (nullable = true)
 |-- instituicao_financeira: string (nullable = true)
 |-- indice: decimal(18,2) (nullable = true)
 |-- qtd_reclamacoes_reguladas_procedentes: long (nullable = true)
 |-- qtd_reclamacoes_reguladas_outras: long (nullable = true)
 |-- qtd_reclamacoes_nao_reguladas: long (nullable = true)
 |-- qtd_total_reclamacoes: long (nullable = true)
 |-- qtd_total_clientes_ccs_scr: long (nullable = true)
 |-- qtd_clientes_ccs: long (nullable = true)
 |-- qtd_clientes_scr: long (nullable = true)
 |-- arquivo_origem: string (nullable = true)
 |-- trimestre_num: integer (nullable = true)


AMOSTRA DA TRUSTED:
+----+---------+----------------+----------------+--------+----------------------------------------------------------------+------+-------------------------------------+--------------------------------+-----------------------------+---------------------+--------------------------+----------------+----------------+--------------+-------------+
|ano |trimestre|categoria       |tipo            |cnpj_if |instituicao_financeira                                          |indice|qtd_reclamacoes_reguladas_procedentes|qtd_reclamacoes_reguladas_outras|qtd_reclamacoes_nao_reguladas|qtd_total_reclamacoes|qtd_total_clientes_ccs_scr|qtd_clientes_ccs|qtd_clientes_scr|arquivo_origem|trimestre_num|
+----+---------+----------------+----------------+--------+----------------------------------------------------------------+------+-------------------------------------+--------------------------------+-----------------------------+---------------------+--------------------------+----------------+----------------+--------------+-------------+
|2021|1º       |Grupo Secundário|Conglomerado    |NULL    |ABC-BRASIL (conglomerado)                                       |NULL  |2                                    |3                               |4                            |9                    |26230                     |24698           |3810            |2021_tri_01   |1            |
|2021|1º       |Grupo Secundário|Conglomerado    |NULL    |AGIBANK (conglomerado)                                          |54.79 |58                                   |140                             |73                           |271                  |1058431                   |790848          |693843          |2021_tri_01   |1            |
|2021|1º       |Grupo Secundário|Banco/financeira|36321990|AGORACRED S/A SOCIEDADE DE CRÉDITO, FINANCIAMENTO E INVESTIMENTO|NULL  |3                                    |3                               |0                            |6                    |420692                    |129             |420563          |2021_tri_01   |1            |
|2021|1º       |Grupo Secundário|Banco/financeira|27214112|AL5 S.A. CRÉDITO, FINANCIAMENTO E INVESTIMENTO                  |NULL  |1                                    |1                               |0                            |2                    |12645                     |4979            |10112           |2021_tri_01   |1            |
|2021|1º       |Grupo Secundário|Conglomerado    |NULL    |ALFA (conglomerado)                                             |NULL  |14                                   |44                              |15                           |73                   |412135                    |268186          |145105          |2021_tri_01   |1            |
+----+---------+----------------+----------------+--------+----------------------------------------------------------------+------+-------------------------------------+--------------------------------+-----------------------------+---------------------+--------------------------+----------------+----------------+--------------+-------------+
only showing top 5 rows
Traceback (most recent call last):
  File "/mnt/d/GitHub/C3-Trabalho-Ingestao-Pipeline/Atividade_3–Ingestao_ETL_Python_Spark/./src/05_trusted_reclamacoes.py", line 261, in <module>
    main()
    ~~~~^^
  File "/mnt/d/GitHub/C3-Trabalho-Ingestao-Pipeline/Atividade_3–Ingestao_ETL_Python_Spark/./src/05_trusted_reclamacoes.py", line 251, in main
    .parquet(str(trusted_dir))
     ~~~~~~~^^^^^^^^^^^^^^^^^^
  File "/home/breno_tostes/venvs/atividade3_spark_wsl/lib/python3.14/site-packages/pyspark/sql/readwriter.py", line 2003, in parquet
    self._jwrite.parquet(path)
    ~~~~~~~~~~~~~~~~~~~~^^^^^^
  File "/home/breno_tostes/venvs/atividade3_spark_wsl/lib/python3.14/site-packages/py4j/java_gateway.py", line 1362, in __call__
    return_value = get_return_value(
        answer, self.gateway_client, self.target_id, self.name)
  File "/home/breno_tostes/venvs/atividade3_spark_wsl/lib/python3.14/site-packages/pyspark/errors/exceptions/captured.py", line 269, in deco
    raise converted from None
pyspark.errors.exceptions.captured.NumberFormatException: [CAST_INVALID_INPUT] The value '16.699.13' of the type "STRING" cannot be cast to "DECIMAL(18,2)" because it is malformed. Correct the value as per the syntax, or change its target type. Use `try_cast` to tolerate malformed input and return NULL instead. SQLSTATE: 22018
== DataFrame ==
"cast" was called from
/mnt/d/GitHub/C3-Trabalho-Ingestao-Pipeline/Atividade_3–Ingestao_ETL_Python_Spark/./src/05_trusted_reclamacoes.py:167

