WARNING: Using incubator modules: jdk.incubator.vector
Using Spark's default log4j profile: org/apache/spark/log4j2-defaults.properties
26/08/15 22:51:36 WARN Utils: Your hostname, DESKTOP-8FOB866, resolves to a loopback address: 127.0.1.1; using 10.255.255.254 instead (on interface lo)
26/08/15 22:51:36 WARN Utils: Set SPARK_LOCAL_IP if you need to bind to another address
Using Spark's default log4j profile: org/apache/spark/log4j2-defaults.properties
Setting default log level to "WARN".
To adjust logging level use sc.setLogLevel(newLevel). For SparkR, use setLogLevel(newLevel).
26/08/15 22:51:36 WARN NativeCodeLoader: Unable to load native-hadoop library for your platform... using builtin-java classes where applicable
[Stage 20:=================================================>        (6 + 1) / 7]                                                                                ================================================================================
ATIVIDADE 3 - CAMADA TRUSTED - RECLAMACOES
================================================================================

Registros recebidos da RAW: 918
Colunas recebidas da RAW: 16
[OK] Coluna _c14 removida.

--------------------------------------------------------------------------------
VALIDACOES DA TRUSTED
--------------------------------------------------------------------------------
Registros antes: 918
Registros depois: 918
Colunas finais: 16
Anos invalidos: 0
Trimestres invalidos: 0
[OK] Quantidade de registros preservada: 918.
[OK] _c14 nao existe na Trusted.
[OK] Todos os anos foram convertidos corretamente.
[OK] Todos os trimestres foram convertidos corretamente.

SCHEMA FINAL:
root
 |-- ano: integer (nullable = true)
 |-- trimestre: string (nullable = true)
 |-- categoria: string (nullable = true)
 |-- tipo: string (nullable = true)
 |-- cnpj_if: string (nullable = true)
 |-- instituicao_financeira: string (nullable = true)
 |-- indice: decimal(18,2) (nullable = true)
 |-- qtd_reclamacoes_reguladas_procedentes: long (nullable = true)
 |-- qtd_reclamacoes_reguladas_outras: long (nullable = true)
 |-- qtd_reclamacoes_nao_reguladas: long (nullable = true)
 |-- qtd_total_reclamacoes: long (nullable = true)
 |-- qtd_total_clientes_ccs_scr: long (nullable = true)
 |-- qtd_clientes_ccs: long (nullable = true)
 |-- qtd_clientes_scr: long (nullable = true)
 |-- arquivo_origem: string (nullable = true)
 |-- trimestre_num: integer (nullable = true)


AMOSTRA DA TRUSTED:
+----+---------+----------------+----------------+--------+----------------------------------------------------------------+------+-------------------------------------+--------------------------------+-----------------------------+---------------------+--------------------------+----------------+----------------+--------------+-------------+
|ano |trimestre|categoria       |tipo            |cnpj_if |instituicao_financeira                                          |indice|qtd_reclamacoes_reguladas_procedentes|qtd_reclamacoes_reguladas_outras|qtd_reclamacoes_nao_reguladas|qtd_total_reclamacoes|qtd_total_clientes_ccs_scr|qtd_clientes_ccs|qtd_clientes_scr|arquivo_origem|trimestre_num|
+----+---------+----------------+----------------+--------+----------------------------------------------------------------+------+-------------------------------------+--------------------------------+-----------------------------+---------------------+--------------------------+----------------+----------------+--------------+-------------+
|2021|1º       |Grupo Secundário|Conglomerado    |NULL    |ABC-BRASIL (conglomerado)                                       |NULL  |2                                    |3                               |4                            |9                    |26230                     |24698           |3810            |2021_tri_01   |1            |
|2021|1º       |Grupo Secundário|Conglomerado    |NULL    |AGIBANK (conglomerado)                                          |54.79 |58                                   |140                             |73                           |271                  |1058431                   |790848          |693843          |2021_tri_01   |1            |
|2021|1º       |Grupo Secundário|Banco/financeira|36321990|AGORACRED S/A SOCIEDADE DE CRÉDITO, FINANCIAMENTO E INVESTIMENTO|NULL  |3                                    |3                               |0                            |6                    |420692                    |129             |420563          |2021_tri_01   |1            |
|2021|1º       |Grupo Secundário|Banco/financeira|27214112|AL5 S.A. CRÉDITO, FINANCIAMENTO E INVESTIMENTO                  |NULL  |1                                    |1                               |0                            |2                    |12645                     |4979            |10112           |2021_tri_01   |1            |
|2021|1º       |Grupo Secundário|Conglomerado    |NULL    |ALFA (conglomerado)                                             |NULL  |14                                   |44                              |15                           |73                   |412135                    |268186          |145105          |2021_tri_01   |1            |
+----+---------+----------------+----------------+--------+----------------------------------------------------------------+------+-------------------------------------+--------------------------------+-----------------------------+---------------------+--------------------------+----------------+----------------+--------------+-------------+
only showing top 5 rows

Trusted gravada em: data/trusted/reclamacoes

CAMADA TRUSTED DE RECLAMACOES CONCLUIDA COM SUCESSO.
