WARNING: Using incubator modules: jdk.incubator.vector
Using Spark's default log4j profile: org/apache/spark/log4j2-defaults.properties
26/08/15 22:54:41 WARN Utils: Your hostname, DESKTOP-8FOB866, resolves to a loopback address: 127.0.1.1; using 10.255.255.254 instead (on interface lo)
26/08/15 22:54:41 WARN Utils: Set SPARK_LOCAL_IP if you need to bind to another address
Using Spark's default log4j profile: org/apache/spark/log4j2-defaults.properties
Setting default log level to "WARN".
To adjust logging level use sc.setLogLevel(newLevel). For SparkR, use setLogLevel(newLevel).
26/08/15 22:54:41 WARN NativeCodeLoader: Unable to load native-hadoop library for your platform... using builtin-java classes where applicable
[Stage 2:=============================>                             (2 + 2) / 4]                                                                                ================================================================================
ATIVIDADE 3 - DIAGNOSTICO DA CHAVE CNPJ
================================================================================

CNPJs distintos nas reclamacoes: 112
CNPJs distintos no enquadramento: 1459

COMPRIMENTO DOS CNPJS NAS RECLAMACOES
--------------------------------------------------------------------------------
+-------+-----+
|tamanho|count|
+-------+-----+
|      8|  112|
+-------+-----+


Correspondencias distintas SEM completar zeros: 38
Correspondencias distintas COM preenchimento para 8 digitos: 72

CORRESPONDENCIAS CRIADAS PELO PREENCHIMENTO
--------------------------------------------------------------------------------
+---------------+------------------+--------+
|cnpj_reclamacao|cnpj_enquadramento|cnpj_8  |
+---------------+------------------+--------+
|00122327       |122327            |00122327|
|00411939       |411939            |00411939|
|00517645       |517645            |00517645|
|00795423       |795423            |00795423|
|00997185       |997185            |00997185|
|01023570       |1023570           |01023570|
|01800019       |1800019           |01800019|
|02658435       |2658435           |02658435|
|02992446       |2992446           |02992446|
|03215790       |3215790           |03215790|
|03311443       |3311443           |03311443|
|03532415       |3532415           |03532415|
|03881423       |3881423           |03881423|
|04230630       |4230630           |04230630|
|04379829       |4379829           |04379829|
|04866275       |4866275           |04866275|
|04902979       |4902979           |04902979|
|04913711       |4913711           |04913711|
|05040481       |5040481           |05040481|
|05192316       |5192316           |05192316|
|05503849       |5503849           |05503849|
|06040559       |6040559           |06040559|
|06249129       |6249129           |06249129|
|06339468       |6339468           |06339468|
|07237373       |7237373           |07237373|
|07441209       |7441209           |07441209|
|07652226       |7652226           |07652226|
|07679404       |7679404           |07679404|
|07747410       |7747410           |07747410|
|08357240       |8357240           |08357240|
|09274232       |9274232           |09274232|
|09313766       |9313766           |09313766|
|09464032       |9464032           |09464032|
|09473806       |9473806           |09473806|
+---------------+------------------+--------+

Quantidade de correspondencias em que os textos originais eram diferentes: 34

COLISOES APOS PREENCHIMENTO PARA 8 DIGITOS
--------------------------------------------------------------------------------
+------+--------------------------+
|cnpj_8|quantidade_cnpjs_originais|
+------+--------------------------+
+------+--------------------------+

Quantidade de colisoes: 0

================================================================================
RESUMO DO DIAGNOSTICO
================================================================================
CNPJs distintos reclamacoes: 112
CNPJs distintos enquadramento: 1459
Matches sem padding: 38
Matches com padding: 72
Colisoes apos padding: 0

DIAGNOSTICO DA CHAVE CNPJ CONCLUIDO.
