WARNING: Using incubator modules: jdk.incubator.vector
Using Spark's default log4j profile: org/apache/spark/log4j2-defaults.properties
26/08/15 22:55:47 WARN Utils: Your hostname, DESKTOP-8FOB866, resolves to a loopback address: 127.0.1.1; using 10.255.255.254 instead (on interface lo)
26/08/15 22:55:47 WARN Utils: Set SPARK_LOCAL_IP if you need to bind to another address
Using Spark's default log4j profile: org/apache/spark/log4j2-defaults.properties
Setting default log level to "WARN".
To adjust logging level use sc.setLogLevel(newLevel). For SparkR, use setLogLevel(newLevel).
26/08/15 22:55:48 WARN NativeCodeLoader: Unable to load native-hadoop library for your platform... using builtin-java classes where applicable
================================================================================
ATIVIDADE 3 - PADRONIZACAO DA CHAVE CNPJ
================================================================================

RECLAMACOES
--------------------------------------------------------------------------------
Registros antes: 918
Registros depois: 918

Comprimento de cnpj_8 nas reclamacoes:
+-------+-----+
|tamanho|count|
+-------+-----+
|      8|  437|
+-------+-----+


ENQUADRAMENTO
--------------------------------------------------------------------------------
Registros antes: 1474
Registros depois: 1474

Comprimento de cnpj_8 no enquadramento:
+-------+-----+
|tamanho|count|
+-------+-----+
|      8| 1474|
+-------+-----+


Colisoes apos normalizacao: 0
Correspondencias distintas por cnpj_8: 72

================================================================================
RESULTADO
================================================================================
[OK] Reclamações preservadas: 918.
[OK] Enquadramento preservado: 1474.
[OK] Nenhuma colisao criada pela normalizacao.
[OK] Correspondencias distintas esperadas = 72.

Arquivos temporarios gravados com sucesso.
PADRONIZACAO DA CHAVE CNPJ CONCLUIDA.
